Archive member included to satisfy reference by file (symbol)

/usr/lib/gcc/arm-none-eabi/10.3.1/../../../arm-none-eabi/lib/thumb/v7-m/nofp/libc_nano.a(lib_a-atexit.o)
                              /usr/lib/gcc/arm-none-eabi/10.3.1/../../../arm-none-eabi/lib/thumb/v7-m/nofp/crt0.o (atexit)
/usr/lib/gcc/arm-none-eabi/10.3.1/../../../arm-none-eabi/lib/thumb/v7-m/nofp/libc_nano.a(lib_a-errno.o)
                              build/main.o (__errno)
/usr/lib/gcc/arm-none-eabi/10.3.1/../../../arm-none-eabi/lib/thumb/v7-m/nofp/libc_nano.a(lib_a-exit.o)
                              /usr/lib/gcc/arm-none-eabi/10.3.1/../../../arm-none-eabi/lib/thumb/v7-m/nofp/crt0.o (exit)
/usr/lib/gcc/arm-none-eabi/10.3.1/../../../arm-none-eabi/lib/thumb/v7-m/nofp/libc_nano.a(lib_a-fini.o)
                              /usr/lib/gcc/arm-none-eabi/10.3.1/../../../arm-none-eabi/lib/thumb/v7-m/nofp/crt0.o (__libc_fini_array)
/usr/lib/gcc/arm-none-eabi/10.3.1/../../../arm-none-eabi/lib/thumb/v7-m/nofp/libc_nano.a(lib_a-impure.o)
                              /usr/lib/gcc/arm-none-eabi/10.3.1/../../../arm-none-eabi/lib/thumb/v7-m/nofp/libc_nano.a(lib_a-exit.o) (_global_impure_ptr)
/usr/lib/gcc/arm-none-eabi/10.3.1/../../../arm-none-eabi/lib/thumb/v7-m/nofp/libc_nano.a(lib_a-init.o)
                              /usr/lib/gcc/arm-none-eabi/10.3.1/../../../arm-none-eabi/lib/thumb/v7-m/nofp/crt0.o (__libc_init_array)
/usr/lib/gcc/arm-none-eabi/10.3.1/../../../arm-none-eabi/lib/thumb/v7-m/nofp/libc_nano.a(lib_a-memcpy.o)
                              build/queue.o (memcpy)
/usr/lib/gcc/arm-none-eabi/10.3.1/../../../arm-none-eabi/lib/thumb/v7-m/nofp/libc_nano.a(lib_a-memset.o)
                              /usr/lib/gcc/arm-none-eabi/10.3.1/../../../arm-none-eabi/lib/thumb/v7-m/nofp/crt0.o (memset)
/usr/lib/gcc/arm-none-eabi/10.3.1/../../../arm-none-eabi/lib/thumb/v7-m/nofp/libc_nano.a(lib_a-nano-vfprintf_float.o)
                              (_printf_float)
/usr/lib/gcc/arm-none-eabi/10.3.1/../../../arm-none-eabi/lib/thumb/v7-m/nofp/libc_nano.a(lib_a-nano-vfprintf_i.o)
                              /usr/lib/gcc/arm-none-eabi/10.3.1/../../../arm-none-eabi/lib/thumb/v7-m/nofp/libc_nano.a(lib_a-nano-vfprintf_float.o) (_printf_common)
/usr/lib/gcc/arm-none-eabi/10.3.1/../../../arm-none-eabi/lib/thumb/v7-m/nofp/libc_nano.a(lib_a-printf.o)
                              build/main.o (printf)
/usr/lib/gcc/arm-none-eabi/10.3.1/../../../arm-none-eabi/lib/thumb/v7-m/nofp/libc_nano.a(lib_a-puts.o)
                              build/main.o (puts)
/usr/lib/gcc/arm-none-eabi/10.3.1/../../../arm-none-eabi/lib/thumb/v7-m/nofp/libc_nano.a(lib_a-strlen-stub.o)
                              /usr/lib/gcc/arm-none-eabi/10.3.1/../../../arm-none-eabi/lib/thumb/v7-m/nofp/libc_nano.a(lib_a-nano-vfprintf_float.o) (strlen)
/usr/lib/gcc/arm-none-eabi/10.3.1/../../../arm-none-eabi/lib/thumb/v7-m/nofp/libc_nano.a(lib_a-wbuf.o)
                              /usr/lib/gcc/arm-none-eabi/10.3.1/../../../arm-none-eabi/lib/thumb/v7-m/nofp/libc_nano.a(lib_a-puts.o) (__swbuf_r)
/usr/lib/gcc/arm-none-eabi/10.3.1/../../../arm-none-eabi/lib/thumb/v7-m/nofp/libc_nano.a(lib_a-wsetup.o)
                              /usr/lib/gcc/arm-none-eabi/10.3.1/../../../arm-none-eabi/lib/thumb/v7-m/nofp/libc_nano.a(lib_a-puts.o) (__swsetup_r)
/usr/lib/gcc/arm-none-eabi/10.3.1/../../../arm-none-eabi/lib/thumb/v7-m/nofp/libc_nano.a(lib_a-__atexit.o)
                              /usr/lib/gcc/arm-none-eabi/10.3.1/../../../arm-none-eabi/lib/thumb/v7-m/nofp/libc_nano.a(lib_a-atexit.o) (__register_exitproc)
/usr/lib/gcc/arm-none-eabi/10.3.1/../../../arm-none-eabi/lib/thumb/v7-m/nofp/libc_nano.a(lib_a-__call_atexit.o)
                              /usr/lib/gcc/arm-none-eabi/10.3.1/../../../arm-none-eabi/lib/thumb/v7-m/nofp/libc_nano.a(lib_a-__atexit.o) (__call_exitprocs)
/usr/lib/gcc/arm-none-eabi/10.3.1/../../../arm-none-eabi/lib/thumb/v7-m/nofp/libc_nano.a(lib_a-dtoa.o)
                              /usr/lib/gcc/arm-none-eabi/10.3.1/../../../arm-none-eabi/lib/thumb/v7-m/nofp/libc_nano.a(lib_a-nano-vfprintf_float.o) (_dtoa_r)
/usr/lib/gcc/arm-none-eabi/10.3.1/../../../arm-none-eabi/lib/thumb/v7-m/nofp/libc_nano.a(lib_a-fflush.o)
                              /usr/lib/gcc/arm-none-eabi/10.3.1/../../../arm-none-eabi/lib/thumb/v7-m/nofp/libc_nano.a(lib_a-wbuf.o) (_fflush_r)
/usr/lib/gcc/arm-none-eabi/10.3.1/../../../arm-none-eabi/lib/thumb/v7-m/nofp/libc_nano.a(lib_a-findfp.o)
                              /usr/lib/gcc/arm-none-eabi/10.3.1/../../../arm-none-eabi/lib/thumb/v7-m/nofp/libc_nano.a(lib_a-printf.o) (__sinit)
/usr/lib/gcc/arm-none-eabi/10.3.1/../../../arm-none-eabi/lib/thumb/v7-m/nofp/libc_nano.a(lib_a-fwalk.o)
                              /usr/lib/gcc/arm-none-eabi/10.3.1/../../../arm-none-eabi/lib/thumb/v7-m/nofp/libc_nano.a(lib_a-findfp.o) (_fwalk)
/usr/lib/gcc/arm-none-eabi/10.3.1/../../../arm-none-eabi/lib/thumb/v7-m/nofp/libc_nano.a(lib_a-localeconv.o)
[...]
Memory Configuration

Name             Origin             Length             Attributes
RAM              0x0000000020000000 0x0000000000010000 xrw
FLASH            0x0000000008000000 0x0000000000060000 xr
*default*        0x0000000000000000 0xffffffffffffffff

Linker script and memory map

LOAD /usr/lib/gcc/arm-none-eabi/10.3.1/thumb/v7-m/nofp/crti.o
LOAD /usr/lib/gcc/arm-none-eabi/10.3.1/thumb/v7-m/nofp/crtbegin.o
LOAD /usr/lib/gcc/arm-none-eabi/10.3.1/../../../arm-none-eabi/lib/thumb/v7-m/nofp/crt0.o
LOAD build/main.o
LOAD build/freertos.o
LOAD build/stm32f1xx_it.o
LOAD build/stm32f1xx_hal_msp.o
LOAD build/stm32f1xx_hal_timebase_tim.o
LOAD build/stm32f1xx_hal_gpio_ex.o
LOAD build/stm32f1xx_hal.o
LOAD build/stm32f1xx_hal_rcc.o
LOAD build/stm32f1xx_hal_rcc_ex.o
LOAD build/stm32f1xx_hal_gpio.o
LOAD build/stm32f1xx_hal_dma.o
LOAD build/stm32f1xx_hal_cortex.o
LOAD build/stm32f1xx_hal_pwr.o
LOAD build/stm32f1xx_hal_flash.o
LOAD build/stm32f1xx_hal_flash_ex.o
LOAD build/stm32f1xx_hal_exti.o
LOAD build/stm32f1xx_hal_tim.o
LOAD build/stm32f1xx_hal_tim_ex.o
LOAD build/stm32f1xx_hal_uart.o
LOAD build/stm32f1xx_hal_pcd.o
LOAD build/stm32f1xx_hal_pcd_ex.o
LOAD build/stm32f1xx_ll_usb.o
LOAD build/system_stm32f1xx.o
LOAD build/croutine.o
LOAD build/event_groups.o
LOAD build/list.o
LOAD build/queue.o
LOAD build/stream_buffer.o
LOAD build/tasks.o
LOAD build/timers.o
LOAD build/cmsis_os.o
LOAD build/heap_4.o
LOAD build/port.o
LOAD build/usbd_core.o
LOAD build/usbd_ctlreq.o
LOAD build/usbd_ioreq.o
LOAD build/usbd_cdc.o
LOAD build/usbd_conf.o
LOAD build/usb_device.o
LOAD build/usbd_desc.o
LOAD build/usbd_cdc_if.o
LOAD build/startup_stm32f103xe.o
LOAD /usr/lib/gcc/arm-none-eabi/10.3.1/../../../arm-none-eabi/lib/thumb/v7-m/nofp/libc_nano.a
LOAD /usr/lib/gcc/arm-none-eabi/10.3.1/../../../arm-none-eabi/lib/thumb/v7-m/nofp/libm.a
LOAD /usr/lib/gcc/arm-none-eabi/10.3.1/../../../arm-none-eabi/lib/thumb/v7-m/nofp/libnosys.a
START GROUP
LOAD /usr/lib/gcc/arm-none-eabi/10.3.1/thumb/v7-m/nofp/libgcc.a
LOAD /usr/lib/gcc/arm-none-eabi/10.3.1/../../../arm-none-eabi/lib/thumb/v7-m/nofp/libc_nano.a
END GROUP
START GROUP
LOAD /usr/lib/gcc/arm-none-eabi/10.3.1/thumb/v7-m/nofp/libgcc.a
LOAD /usr/lib/gcc/arm-none-eabi/10.3.1/../../../arm-none-eabi/lib/thumb/v7-m/nofp/libc_nano.a
END GROUP
LOAD /usr/lib/gcc/arm-none-eabi/10.3.1/thumb/v7-m/nofp/crtend.o
LOAD /usr/lib/gcc/arm-none-eabi/10.3.1/thumb/v7-m/nofp/crtn.o
                0x0000000020010000                _estack = (ORIGIN (RAM) + LENGTH (RAM))
                0x0000000000000200                _Min_Heap_Size = 0x200
                0x0000000000000400                _Min_Stack_Size = 0x400

.isr_vector     0x0000000008000000      0x1e4
                0x0000000008000000                . = ALIGN (0x4)
 *(.isr_vector)
 .isr_vector    0x0000000008000000      0x1e4 build/startup_stm32f103xe.o
                0x0000000008000000                g_pfnVectors
                0x00000000080001e4                . = ALIGN (0x4)

.text           0x00000000080001f0     0x9c14
                0x00000000080001f0                . = ALIGN (0x4)
 *(.text)
 .text          0x00000000080001f0       0x88 /usr/lib/gcc/arm-none-eabi/10.3.1/thumb/v7-m/nofp/crtbegin.o
 .text          0x0000000008000278        0xc /usr/lib/gcc/arm-none-eabi/10.3.1/../../../arm-none-eabi/lib/thumb/v7-m/nofp/libc_nano.a(lib_a-errno.o)
                0x0000000008000278                __errno
 .text          0x0000000008000284       0x48 /usr/lib/gcc/arm-none-eabi/10.3.1/../../../arm-none-eabi/lib/thumb/v7-m/nofp/libc_nano.a(lib_a-init.o)
                0x0000000008000284                __libc_init_array
 .text          0x00000000080002cc       0xec /usr/lib/gcc/arm-none-eabi/10.3.1/../../../arm-none-eabi/lib/thumb/v7-m/nofp/libc_nano.a(lib_a-memcpy.o)
                0x00000000080002cc                memcpy
 .text          0x00000000080003b8       0xa4 /usr/lib/gcc/arm-none-eabi/10.3.1/../../../arm-none-eabi/lib/thumb/v7-m/nofp/libc_nano.a(lib_a-memset.o)
                0x00000000080003b8                memset
 .text          0x000000000800045c      0x6e4 /usr/lib/gcc/arm-none-eabi/10.3.1/../../../arm-none-eabi/lib/thumb/v7-m/nofp/libc_nano.a(lib_a-nano-vfprintf_float.o)
                0x000000000800045c                __cvt
                0x0000000008000550                __exponent
                0x00000000080005ec                _printf_float
 .text          0x0000000008000b40      0x3d8 /usr/lib/gcc/arm-none-eabi/10.3.1/../../../arm-none-eabi/lib/thumb/v7-m/nofp/libc_nano.a(lib_a-nano-vfprintf_i.o)
                0x0000000008000b40                _printf_common
                0x0000000008000c6c                _printf_i
 .text          0x0000000008000f18       0x60 /usr/lib/gcc/arm-none-eabi/10.3.1/../../../arm-none-eabi/lib/thumb/v7-m/nofp/libc_nano.a(lib_a-printf.o)
                0x0000000008000f18                _printf_r
                0x0000000008000f18                _iprintf_r
                0x0000000008000f44                printf
                0x0000000008000f44                iprintf
 .text          0x0000000008000f78       0xe0 /usr/lib/gcc/arm-none-eabi/10.3.1/../../../arm-none-eabi/lib/thumb/v7-m/nofp/libc_nano.a(lib_a-puts.o)
                0x0000000008000f78                _puts_r
                0x0000000008001048                puts
 .text          0x0000000008001058       0x5c /usr/lib/gcc/arm-none-eabi/10.3.1/../../../arm-none-eabi/lib/thumb/v7-m/nofp/libc_nano.a(lib_a-strlen-stub.o)
                0x0000000008001058                strlen
 .text          0x00000000080010b4       0xc4 /usr/lib/gcc/arm-none-eabi/10.3.1/../../../arm-none-eabi/lib/thumb/v7-m/nofp/libc_nano.a(lib_a-wbuf.o)
                0x00000000080010b4                __swbuf_r
                0x0000000008001164                __swbuf
 .text          0x0000000008001178      0x104 /usr/lib/gcc/arm-none-eabi/10.3.1/../../../arm-none-eabi/lib/thumb/v7-m/nofp/libc_nano.a(lib_a-wsetup.o)
                0x0000000008001178                __swsetup_r
 *fill*         0x000000000800127c        0x4 
 .text          0x0000000008001280     0x1034 /usr/lib/gcc/arm-none-eabi/10.3.1/../../../arm-none-eabi/lib/thumb/v7-m/nofp/libc_nano.a(lib_a-dtoa.o)
                0x00000000080013ac                _dtoa_r
 .text          0x00000000080022b4      0x1dc /usr/lib/gcc/arm-none-eabi/10.3.1/../../../arm-none-eabi/lib/thumb/v7-m/nofp/libc_nano.a(lib_a-fflush.o)
                0x00000000080022b4                __sflush_r
                0x00000000080023bc                _fflush_r
                0x0000000008002410                fflush
 .text          0x0000000008002490      0x230 /usr/lib/gcc/arm-none-eabi/10.3.1/../../../arm-none-eabi/lib/thumb/v7-m/nofp/libc_nano.a(lib_a-findfp.o)
                0x0000000008002494                _cleanup_r
                0x00000000080024a4                __sfmoreglue
                0x00000000080024d4                __sfp
                0x000000000800266c                _cleanup
                0x0000000008002680                __sinit
                0x0000000008002688                __sfp_lock_acquire
                0x000000000800268c                __sfp_lock_release
                0x0000000008002690                __sinit_lock_acquire
                0x0000000008002694                __sinit_lock_release
                0x0000000008002698                __fp_lock_all
                0x00000000080026ac                __fp_unlock_all
 .text          0x00000000080026c0       0x88 /usr/lib/gcc/arm-none-eabi/10.3.1/../../../arm-none-eabi/lib/thumb/v7-m/nofp/libc_nano.a(lib_a-fwalk.o)
                0x00000000080026c0                _fwalk
                0x0000000008002700                _fwalk_reent
 .text          0x0000000008002748       0x14 /usr/lib/gcc/arm-none-eabi/10.3.1/../../../arm-none-eabi/lib/thumb/v7-m/nofp/libc_nano.a(lib_a-localeconv.o)
                0x0000000008002748                __localeconv_l
                0x000000000800274c                _localeconv_r
                0x0000000008002754                localeconv
 .text          0x000000000800275c      0x11c /usr/lib/gcc/arm-none-eabi/10.3.1/../../../arm-none-eabi/lib/thumb/v7-m/nofp/libc_nano.a(lib_a-makebuf.o)
                0x000000000800275c                __smakebuf_r
                0x000000000800281c                __swhatbuf_r
 .text          0x0000000008002878       0x20 /usr/lib/gcc/arm-none-eabi/10.3.1/../../../arm-none-eabi/lib/thumb/v7-m/nofp/libc_nano.a(lib_a-malloc.o)
                0x0000000008002878                malloc
                0x0000000008002888                free
 .text          0x0000000008002898       0x90 /usr/lib/gcc/arm-none-eabi/10.3.1/../../../arm-none-eabi/lib/thumb/v7-m/nofp/libc_nano.a(lib_a-memchr-stub.o)
                0x0000000008002898                memchr
 .text          0x0000000008002928      0xabc /usr/lib/gcc/arm-none-eabi/10.3.1/../../../arm-none-eabi/lib/thumb/v7-m/nofp/libc_nano.a(lib_a-mprec.o)
                0x0000000008002928                _Balloc
                0x00000000080029a8                _Bfree
                0x00000000080029f0                __multadd
                0x0000000008002a8c                __s2b
                0x0000000008002b40                __hi0bits
                0x0000000008002b80                __lo0bits
                0x0000000008002bd8                __i2b
                0x0000000008002c04                __multiply
                0x0000000008002d60                __pow5mult
                0x0000000008002e40                __lshift
                0x0000000008002f28                __mcmp
                0x0000000008002f68                __mdiff
                0x00000000080030b4                __ulp
                0x00000000080030f8                __b2d
                0x00000000080031c8                __d2b
                0x000000000800328c                __ratio
                0x00000000080032ec                _mprec_log10
                0x0000000008003324                __copybits
                0x0000000008003384                __any_on
 .text          0x00000000080033e4       0x1c /usr/lib/gcc/arm-none-eabi/10.3.1/../../../arm-none-eabi/lib/thumb/v7-m/nofp/libc_nano.a(lib_a-nano-callocr.o)
                0x00000000080033e4                _calloc_r
 .text          0x0000000008003400       0xcc /usr/lib/gcc/arm-none-eabi/10.3.1/../../../arm-none-eabi/lib/thumb/v7-m/nofp/libc_nano.a(lib_a-nano-freer.o)
                0x0000000008003400                _free_r
 .text          0x00000000080034cc       0xb8 /usr/lib/gcc/arm-none-eabi/10.3.1/../../../arm-none-eabi/lib/thumb/v7-m/nofp/libc_nano.a(lib_a-nano-mallocr.o)
                0x00000000080034cc                _malloc_r
 .text          0x0000000008003584      0x320 /usr/lib/gcc/arm-none-eabi/10.3.1/../../../arm-none-eabi/lib/thumb/v7-m/nofp/libc_nano.a(lib_a-nano-vfprintf.o)
                0x00000000080035ac                __sfputs_r
                0x00000000080035dc                __sprint_r
                0x00000000080035f8                _vfiprintf_r
                0x00000000080035f8                _vfprintf_r
                0x0000000008003888                vfiprintf
                0x0000000008003888                vfprintf
 .text          0x00000000080038a4       0x24 /usr/lib/gcc/arm-none-eabi/10.3.1/../../../arm-none-eabi/lib/thumb/v7-m/nofp/libc_nano.a(lib_a-sbrkr.o)
                0x00000000080038a4                _sbrk_r
 .text          0x00000000080038c8       0x90 /usr/lib/gcc/arm-none-eabi/10.3.1/../../../arm-none-eabi/lib/thumb/v7-m/nofp/libc_nano.a(lib_a-stdio.o)
                0x00000000080038c8                __sread
                0x00000000080038ec                __seofread
                0x00000000080038f0                __swrite
                0x0000000008003930                __sseek
                0x0000000008003950                __sclose
 .text          0x0000000008003958       0x2c /usr/lib/gcc/arm-none-eabi/10.3.1/../../../arm-none-eabi/lib/thumb/v7-m/nofp/libc_nano.a(lib_a-writer.o)
                0x0000000008003958                _write_r
 .text          0x0000000008003984       0x4c /usr/lib/gcc/arm-none-eabi/10.3.1/../../../arm-none-eabi/lib/thumb/v7-m/nofp/libc_nano.a(lib_a-assert.o)
                0x0000000008003984                __assert_func
                0x00000000080039c4                __assert
 .text          0x00000000080039d0       0x24 /usr/lib/gcc/arm-none-eabi/10.3.1/../../../arm-none-eabi/lib/thumb/v7-m/nofp/libc_nano.a(lib_a-closer.o)
                0x00000000080039d0                _close_r
 .text          0x00000000080039f4       0x44 /usr/lib/gcc/arm-none-eabi/10.3.1/../../../arm-none-eabi/lib/thumb/v7-m/nofp/libc_nano.a(lib_a-fprintf.o)
                0x00000000080039f4                _fprintf_r
                0x00000000080039f4                _fiprintf_r
                0x0000000008003a10                fprintf
                0x0000000008003a10                fiprintf
 .text          0x0000000008003a38       0x28 /usr/lib/gcc/arm-none-eabi/10.3.1/../../../arm-none-eabi/lib/thumb/v7-m/nofp/libc_nano.a(lib_a-fstatr.o)
                0x0000000008003a38                _fstat_r
 .text          0x0000000008003a60      0x2f0 /usr/lib/gcc/arm-none-eabi/10.3.1/../../../arm-none-eabi/lib/thumb/v7-m/nofp/libc_nano.a(lib_a-fvwrite.o)
                0x0000000008003a60                __sfvwrite_r
 .text          0x0000000008003d50       0x24 /usr/lib/gcc/arm-none-eabi/10.3.1/../../../arm-none-eabi/lib/thumb/v7-m/nofp/libc_nano.a(lib_a-isattyr.o)
                0x0000000008003d50                _isatty_r
 .text          0x0000000008003d74       0x2c /usr/lib/gcc/arm-none-eabi/10.3.1/../../../arm-none-eabi/lib/thumb/v7-m/nofp/libc_nano.a(lib_a-lseekr.o)
                0x0000000008003d74                _lseek_r
 .text          0x0000000008003da0       0x40 /usr/lib/gcc/arm-none-eabi/10.3.1/../../../arm-none-eabi/lib/thumb/v7-m/nofp/libc_nano.a(lib_a-mbtowc_r.o)
                0x0000000008003da0                _mbtowc_r
                0x0000000008003db4                __ascii_mbtowc
 .text          0x0000000008003de0       0xf8 /usr/lib/gcc/arm-none-eabi/10.3.1/../../../arm-none-eabi/lib/thumb/v7-m/nofp/libc_nano.a(lib_a-memmove.o)
                0x0000000008003de0                memmove
 .text          0x0000000008003ed8        0x8 /usr/lib/gcc/arm-none-eabi/10.3.1/../../../arm-none-eabi/lib/thumb/v7-m/nofp/libc_nano.a(lib_a-mlock.o)
                0x0000000008003ed8                __malloc_lock
                0x0000000008003edc                __malloc_unlock
 .text          0x0000000008003ee0       0x50 /usr/lib/gcc/arm-none-eabi/10.3.1/../../../arm-none-eabi/lib/thumb/v7-m/nofp/libc_nano.a(lib_a-nano-reallocr.o)
                0x0000000008003ee0                _realloc_r
 .text          0x0000000008003f30       0x2c /usr/lib/gcc/arm-none-eabi/10.3.1/../../../arm-none-eabi/lib/thumb/v7-m/nofp/libc_nano.a(lib_a-readr.o)
                0x0000000008003f30                _read_r
 .text          0x0000000008003f5c       0x30 /usr/lib/gcc/arm-none-eabi/10.3.1/../../../arm-none-eabi/lib/thumb/v7-m/nofp/libc_nano.a(lib_a-wctomb_r.o)
                0x0000000008003f5c                _wctomb_r
                0x0000000008003f70                __ascii_wctomb
 .text          0x0000000008003f8c       0x10 /usr/lib/gcc/arm-none-eabi/10.3.1/../../../arm-none-eabi/lib/thumb/v7-m/nofp/libc_nano.a(lib_a-abort.o)
                0x0000000008003f8c                abort
 .text          0x0000000008003f9c       0x14 /usr/lib/gcc/arm-none-eabi/10.3.1/../../../arm-none-eabi/lib/thumb/v7-m/nofp/libc_nano.a(lib_a-nano-msizer.o)
                0x0000000008003f9c                _malloc_usable_size_r
 .text          0x0000000008003fb0      0x26c /usr/lib/gcc/arm-none-eabi/10.3.1/../../../arm-none-eabi/lib/thumb/v7-m/nofp/libc_nano.a(lib_a-signal.o)
                0x0000000008003fb0                _init_signal_r
                0x0000000008003fdc                _signal_r
                0x0000000008004024                _raise_r
                0x0000000008004078                __sigtramp_r
                0x00000000080040dc                raise
                0x0000000008004134                signal
                0x0000000008004184                _init_signal
                0x00000000080041b8                __sigtramp
 .text          0x000000000800421c       0x2c /usr/lib/gcc/arm-none-eabi/10.3.1/../../../arm-none-eabi/lib/thumb/v7-m/nofp/libc_nano.a(lib_a-signalr.o)
                0x000000000800421c                _kill_r
                0x0000000008004244                _getpid_r
 .text          0x0000000008004248       0x10 /usr/lib/gcc/arm-none-eabi/10.3.1/../../../arm-none-eabi/lib/thumb/v7-m/nofp/libnosys.a(close.o)
                0x0000000008004248                _close
 .text          0x0000000008004258       0x10 /usr/lib/gcc/arm-none-eabi/10.3.1/../../../arm-none-eabi/lib/thumb/v7-m/nofp/libnosys.a(fstat.o)
                0x0000000008004258                _fstat
 .text          0x0000000008004268       0x10 /usr/lib/gcc/arm-none-eabi/10.3.1/../../../arm-none-eabi/lib/thumb/v7-m/nofp/libnosys.a(getpid.o)
                0x0000000008004268                _getpid
 .text          0x0000000008004278       0x10 /usr/lib/gcc/arm-none-eabi/10.3.1/../../../arm-none-eabi/lib/thumb/v7-m/nofp/libnosys.a(isatty.o)
                0x0000000008004278                _isatty
 .text          0x0000000008004288       0x10 /usr/lib/gcc/arm-none-eabi/10.3.1/../../../arm-none-eabi/lib/thumb/v7-m/nofp/libnosys.a(kill.o)
                0x0000000008004288                _kill
 .text          0x0000000008004298       0x10 /usr/lib/gcc/arm-none-eabi/10.3.1/../../../arm-none-eabi/lib/thumb/v7-m/nofp/libnosys.a(lseek.o)
                0x0000000008004298                _lseek
 .text          0x00000000080042a8       0x10 /usr/lib/gcc/arm-none-eabi/10.3.1/../../../arm-none-eabi/lib/thumb/v7-m/nofp/libnosys.a(read.o)
                0x00000000080042a8                _read
 .text          0x00000000080042b8       0x1c /usr/lib/gcc/arm-none-eabi/10.3.1/../../../arm-none-eabi/lib/thumb/v7-m/nofp/libnosys.a(sbrk.o)
                0x00000000080042b8                _sbrk
 .text          0x00000000080042d4        0x4 /usr/lib/gcc/arm-none-eabi/10.3.1/../../../arm-none-eabi/lib/thumb/v7-m/nofp/libnosys.a(_exit.o)
                0x00000000080042d4                _exit
 .text          0x00000000080042d8      0x378 /usr/lib/gcc/arm-none-eabi/10.3.1/thumb/v7-m/nofp/libgcc.a(_arm_addsubdf3.o)
                0x00000000080042d8                __aeabi_drsub
                0x00000000080042e0                __aeabi_dsub
                0x00000000080042e0                __subdf3
                0x00000000080042e4                __adddf3
                0x00000000080042e4                __aeabi_dadd
                0x000000000800455c                __aeabi_ui2d
                0x000000000800455c                __floatunsidf
                0x000000000800457c                __floatsidf
                0x000000000800457c                __aeabi_i2d
                0x00000000080045a0                __extendsfdf2
                0x00000000080045a0                __aeabi_f2d
                0x00000000080045e4                __aeabi_ul2d
                0x00000000080045e4                __floatundidf
                0x00000000080045f4                __floatdidf
                0x00000000080045f4                __aeabi_l2d
 .text          0x0000000008004650      0x424 /usr/lib/gcc/arm-none-eabi/10.3.1/thumb/v7-m/nofp/libgcc.a(_arm_muldivdf3.o)
                0x0000000008004650                __aeabi_dmul
                0x0000000008004650                __muldf3
                0x00000000080048a4                __aeabi_ddiv
                0x00000000080048a4                __divdf3
 .text          0x0000000008004a74      0x110 /usr/lib/gcc/arm-none-eabi/10.3.1/thumb/v7-m/nofp/libgcc.a(_arm_cmpdf2.o)
                0x0000000008004a74                __gtdf2
                0x0000000008004a74                __gedf2
                0x0000000008004a7c                __ltdf2
                0x0000000008004a7c                __ledf2
                0x0000000008004a84                __cmpdf2
                0x0000000008004a84                __eqdf2
                0x0000000008004a84                __nedf2
                0x0000000008004b00                __aeabi_cdrcmple
                0x0000000008004b10                __aeabi_cdcmple
                0x0000000008004b10                __aeabi_cdcmpeq
                0x0000000008004b20                __aeabi_dcmpeq
                0x0000000008004b34                __aeabi_dcmplt
                0x0000000008004b48                __aeabi_dcmple
                0x0000000008004b5c                __aeabi_dcmpge
                0x0000000008004b70                __aeabi_dcmpgt
 .text          0x0000000008004b84       0x2c /usr/lib/gcc/arm-none-eabi/10.3.1/thumb/v7-m/nofp/libgcc.a(_arm_unorddf2.o)
                0x0000000008004b84                __aeabi_dcmpun
                0x0000000008004b84                __unorddf2
 .text          0x0000000008004bb0       0x50 /usr/lib/gcc/arm-none-eabi/10.3.1/thumb/v7-m/nofp/libgcc.a(_arm_fixdfsi.o)
                0x0000000008004bb0                __fixdfsi
                0x0000000008004bb0                __aeabi_d2iz
 *(.text*)
 .text.MX_GPIO_Init
                0x0000000008004c00       0x30 build/main.o
 .text.TaskAboveNormal
                0x0000000008004c30       0x30 build/main.o
                0x0000000008004c30                TaskAboveNormal
 .text.StartDefaultTask
                0x0000000008004c60       0x28 build/main.o
                0x0000000008004c60                StartDefaultTask
 .text.HAL_TIM_PeriodElapsedCallback
                0x0000000008004c88       0x18 build/main.o
                0x0000000008004c88                HAL_TIM_PeriodElapsedCallback
 .text.Error_Handler
                0x0000000008004ca0        0x4 build/main.o
                0x0000000008004ca0                Error_Handler
 .text.MX_USART1_UART_Init
                0x0000000008004ca4       0x34 build/main.o
 .text.SystemClock_Config
                0x0000000008004cd8       0x84 build/main.o
                0x0000000008004cd8                SystemClock_Config
 .text.main     0x0000000008004d5c       0xa0 build/main.o
                0x0000000008004d5c                main
 .text._write   0x0000000008004dfc       0x22 build/main.o
                0x0000000008004dfc                _write
 *fill*         0x0000000008004e1e        0x2 
 .text.vApplicationGetIdleTaskMemory
                0x0000000008004e20       0x18 build/freertos.o
                0x0000000008004e20                vApplicationGetIdleTaskMemory
 .text.NMI_Handler
                0x0000000008004e38        0x2 build/stm32f1xx_it.o
                0x0000000008004e38                NMI_Handler
 .text.HardFault_Handler
                0x0000000008004e3a        0x2 build/stm32f1xx_it.o
                0x0000000008004e3a                HardFault_Handler
 .text.MemManage_Handler
                0x0000000008004e3c        0x2 build/stm32f1xx_it.o
                0x0000000008004e3c                MemManage_Handler
 .text.BusFault_Handler
                0x0000000008004e3e        0x2 build/stm32f1xx_it.o
                0x0000000008004e3e                BusFault_Handler
 .text.UsageFault_Handler
                0x0000000008004e40        0x2 build/stm32f1xx_it.o
                0x0000000008004e40                UsageFault_Handler
 .text.DebugMon_Handler
                0x0000000008004e42        0x2 build/stm32f1xx_it.o
                0x0000000008004e42                DebugMon_Handler
 .text.TIM4_IRQHandler
                0x0000000008004e44       0x10 build/stm32f1xx_it.o
                0x0000000008004e44                TIM4_IRQHandler
 .text.USB_LP_CAN1_RX0_IRQHandler
                0x0000000008004e54       0x10 build/stm32f1xx_it.o
                0x0000000008004e54                USB_LP_CAN1_RX0_IRQHandler
 .text.HAL_MspInit
                0x0000000008004e64       0x54 build/stm32f1xx_hal_msp.o
                0x0000000008004e64                HAL_MspInit
 .text.HAL_UART_MspInit
                0x0000000008004eb8       0x78 build/stm32f1xx_hal_msp.o
                0x0000000008004eb8                HAL_UART_MspInit
 .text.HAL_InitTick
                0x0000000008004f30       0xa0 build/stm32f1xx_hal_timebase_tim.o
                0x0000000008004f30                HAL_InitTick
 .text.HAL_Init
                0x0000000008004fd0       0x24 build/stm32f1xx_hal.o
                0x0000000008004fd0                HAL_Init
 .text.HAL_IncTick
                0x0000000008004ff4       0x18 build/stm32f1xx_hal.o
                0x0000000008004ff4                HAL_IncTick
 .text.HAL_GetTick
                0x000000000800500c        0xc build/stm32f1xx_hal.o
                0x000000000800500c                HAL_GetTick
 .text.HAL_Delay
                0x0000000008005018       0x28 build/stm32f1xx_hal.o
                0x0000000008005018                HAL_Delay
 .text.RCC_Delay
                0x0000000008005040       0x2c build/stm32f1xx_hal_rcc.o
 .text.HAL_RCC_OscConfig
                0x000000000800506c      0x410 build/stm32f1xx_hal_rcc.o
                0x000000000800506c                HAL_RCC_OscConfig
 .text.HAL_RCC_GetSysClockFreq
                0x000000000800547c       0x70 build/stm32f1xx_hal_rcc.o
                0x000000000800547c                HAL_RCC_GetSysClockFreq
 .text.HAL_RCC_ClockConfig
                0x00000000080054ec      0x16c build/stm32f1xx_hal_rcc.o
                0x00000000080054ec                HAL_RCC_ClockConfig
 .text.HAL_RCC_GetHCLKFreq
                0x0000000008005658        0xc build/stm32f1xx_hal_rcc.o
                0x0000000008005658                HAL_RCC_GetHCLKFreq
 .text.HAL_RCC_GetPCLK1Freq
                0x0000000008005664       0x20 build/stm32f1xx_hal_rcc.o
                0x0000000008005664                HAL_RCC_GetPCLK1Freq
 .text.HAL_RCC_GetPCLK2Freq
                0x0000000008005684       0x20 build/stm32f1xx_hal_rcc.o
                0x0000000008005684                HAL_RCC_GetPCLK2Freq
 .text.HAL_RCC_GetClockConfig
                0x00000000080056a4       0x3c build/stm32f1xx_hal_rcc.o
                0x00000000080056a4                HAL_RCC_GetClockConfig
 .text.HAL_RCCEx_PeriphCLKConfig
                0x00000000080056e0      0x118 build/stm32f1xx_hal_rcc_ex.o
                0x00000000080056e0                HAL_RCCEx_PeriphCLKConfig
 .text.HAL_GPIO_Init
                0x00000000080057f8      0x240 build/stm32f1xx_hal_gpio.o
                0x00000000080057f8                HAL_GPIO_Init
 .text.HAL_GPIO_WritePin
                0x0000000008005a38        0xc build/stm32f1xx_hal_gpio.o
                0x0000000008005a38                HAL_GPIO_WritePin
 .text.HAL_NVIC_SetPriorityGrouping
                0x0000000008005a44       0x24 build/stm32f1xx_hal_cortex.o
                0x0000000008005a44                HAL_NVIC_SetPriorityGrouping
 .text.HAL_NVIC_SetPriority
                0x0000000008005a68       0x70 build/stm32f1xx_hal_cortex.o
                0x0000000008005a68                HAL_NVIC_SetPriority
 .text.HAL_NVIC_EnableIRQ
                0x0000000008005ad8       0x1c build/stm32f1xx_hal_cortex.o
                0x0000000008005ad8                HAL_NVIC_EnableIRQ
 .text.HAL_TIM_Base_MspInit
                0x0000000008005af4        0x2 build/stm32f1xx_hal_tim.o
                0x0000000008005af4                HAL_TIM_Base_MspInit
 *fill*         0x0000000008005af6        0x2 
 .text.HAL_TIM_Base_Start_IT
                0x0000000008005af8       0x78 build/stm32f1xx_hal_tim.o
                0x0000000008005af8                HAL_TIM_Base_Start_IT
 .text.HAL_TIM_OC_DelayElapsedCallback
                0x0000000008005b70        0x2 build/stm32f1xx_hal_tim.o
                0x0000000008005b70                HAL_TIM_OC_DelayElapsedCallback
 .text.HAL_TIM_IC_CaptureCallback
                0x0000000008005b72        0x2 build/stm32f1xx_hal_tim.o
                0x0000000008005b72                HAL_TIM_IC_CaptureCallback
 .text.HAL_TIM_PWM_PulseFinishedCallback
                0x0000000008005b74        0x2 build/stm32f1xx_hal_tim.o
                0x0000000008005b74                HAL_TIM_PWM_PulseFinishedCallback
 .text.HAL_TIM_TriggerCallback
                0x0000000008005b76        0x2 build/stm32f1xx_hal_tim.o
                0x0000000008005b76                HAL_TIM_TriggerCallback
 .text.HAL_TIM_IRQHandler
                0x0000000008005b78      0x17a build/stm32f1xx_hal_tim.o
                0x0000000008005b78                HAL_TIM_IRQHandler
 *fill*         0x0000000008005cf2        0x2 
 .text.TIM_Base_SetConfig
                0x0000000008005cf4       0x98 build/stm32f1xx_hal_tim.o
                0x0000000008005cf4                TIM_Base_SetConfig
 .text.HAL_TIM_Base_Init
                0x0000000008005d8c       0x58 build/stm32f1xx_hal_tim.o
                0x0000000008005d8c                HAL_TIM_Base_Init
 .text.HAL_TIMEx_CommutCallback
                0x0000000008005de4        0x2 build/stm32f1xx_hal_tim_ex.o
                0x0000000008005de4                HAL_TIMEx_CommutCallback
 .text.HAL_TIMEx_BreakCallback
                0x0000000008005de6        0x2 build/stm32f1xx_hal_tim_ex.o
                0x0000000008005de6                HAL_TIMEx_BreakCallback
 .text.UART_SetConfig
                0x0000000008005de8       0x94 build/stm32f1xx_hal_uart.o
 .text.HAL_UART_Init
                0x0000000008005e7c       0x5e build/stm32f1xx_hal_uart.o
                0x0000000008005e7c                HAL_UART_Init
 .text.HAL_PCD_EP_DB_Receive
                0x0000000008005eda      0x11c build/stm32f1xx_hal_pcd.o
 .text.HAL_PCD_Init
                0x0000000008005ff6      0x118 build/stm32f1xx_hal_pcd.o
                0x0000000008005ff6                HAL_PCD_Init
 .text.HAL_PCD_Start
                0x000000000800610e       0x32 build/stm32f1xx_hal_pcd.o
                0x000000000800610e                HAL_PCD_Start
 .text.HAL_PCD_EP_DB_Transmit
                0x0000000008006140      0x420 build/stm32f1xx_hal_pcd.o
 .text.PCD_EP_ISR_Handler
                0x0000000008006560      0x438 build/stm32f1xx_hal_pcd.o
 .text.HAL_PCD_SetAddress
                0x0000000008006998       0x28 build/stm32f1xx_hal_pcd.o
                0x0000000008006998                HAL_PCD_SetAddress
 .text.HAL_PCD_IRQHandler
                0x00000000080069c0      0x1d4 build/stm32f1xx_hal_pcd.o
                0x00000000080069c0                HAL_PCD_IRQHandler
 .text.HAL_PCD_EP_Open
                0x0000000008006b94       0x84 build/stm32f1xx_hal_pcd.o
                0x0000000008006b94                HAL_PCD_EP_Open
 .text.HAL_PCD_EP_Close
                0x0000000008006c18       0x64 build/stm32f1xx_hal_pcd.o
                0x0000000008006c18                HAL_PCD_EP_Close
 .text.HAL_PCD_EP_Receive
                0x0000000008006c7c       0x44 build/stm32f1xx_hal_pcd.o
                0x0000000008006c7c                HAL_PCD_EP_Receive
 .text.HAL_PCD_EP_GetRxCount
                0x0000000008006cc0       0x12 build/stm32f1xx_hal_pcd.o
                0x0000000008006cc0                HAL_PCD_EP_GetRxCount
 .text.HAL_PCD_EP_Transmit
                0x0000000008006cd2       0x50 build/stm32f1xx_hal_pcd.o
                0x0000000008006cd2                HAL_PCD_EP_Transmit
 .text.HAL_PCD_EP_SetStall
                0x0000000008006d22       0x78 build/stm32f1xx_hal_pcd.o
                0x0000000008006d22                HAL_PCD_EP_SetStall
 .text.HAL_PCD_EP_ClrStall
                0x0000000008006d9a       0x76 build/stm32f1xx_hal_pcd.o
                0x0000000008006d9a                HAL_PCD_EP_ClrStall
 .text.HAL_PCDEx_PMAConfig
                0x0000000008006e10       0x38 build/stm32f1xx_hal_pcd_ex.o
                0x0000000008006e10                HAL_PCDEx_PMAConfig
 .text.USB_CoreInit
                0x0000000008006e48        0xe build/stm32f1xx_ll_usb.o
                0x0000000008006e48                USB_CoreInit
 .text.USB_EnableGlobalInt
                0x0000000008006e56       0x12 build/stm32f1xx_ll_usb.o
                0x0000000008006e56                USB_EnableGlobalInt
 .text.USB_DisableGlobalInt
                0x0000000008006e68       0x14 build/stm32f1xx_ll_usb.o
                0x0000000008006e68                USB_DisableGlobalInt
 .text.USB_SetCurrentMode
                0x0000000008006e7c        0x4 build/stm32f1xx_ll_usb.o
                0x0000000008006e7c                USB_SetCurrentMode
 .text.USB_DevInit
                0x0000000008006e80       0x22 build/stm32f1xx_ll_usb.o
                0x0000000008006e80                USB_DevInit
 .text.USB_ActivateEndpoint
                0x0000000008006ea2      0x378 build/stm32f1xx_ll_usb.o
                0x0000000008006ea2                USB_ActivateEndpoint
 .text.USB_DeactivateEndpoint
                0x000000000800721a      0x1d6 build/stm32f1xx_ll_usb.o
                0x000000000800721a                USB_DeactivateEndpoint
 .text.USB_EPSetStall
                0x00000000080073f0       0x4a build/stm32f1xx_ll_usb.o
                0x00000000080073f0                USB_EPSetStall
 .text.USB_EPClearStall
                0x000000000800743a       0xa2 build/stm32f1xx_ll_usb.o
                0x000000000800743a                USB_EPClearStall
 .text.USB_SetDevAddress
                0x00000000080074dc        0xc build/stm32f1xx_ll_usb.o
                0x00000000080074dc                USB_SetDevAddress
 .text.USB_DevConnect
                0x00000000080074e8        0x4 build/stm32f1xx_ll_usb.o
                0x00000000080074e8                USB_DevConnect
 .text.USB_DevDisconnect
                0x00000000080074ec        0x4 build/stm32f1xx_ll_usb.o
                0x00000000080074ec                USB_DevDisconnect
 .text.USB_ReadInterrupts
                0x00000000080074f0        0x8 build/stm32f1xx_ll_usb.o
                0x00000000080074f0                USB_ReadInterrupts
 .text.USB_EP0_OutStart
                0x00000000080074f8        0x4 build/stm32f1xx_ll_usb.o
                0x00000000080074f8                USB_EP0_OutStart
 .text.USB_WritePMA
                0x00000000080074fc       0x28 build/stm32f1xx_ll_usb.o
                0x00000000080074fc                USB_WritePMA
 .text.USB_EPStartXfer
                0x0000000008007524      0x8b2 build/stm32f1xx_ll_usb.o
                0x0000000008007524                USB_EPStartXfer
 .text.USB_ReadPMA
                0x0000000008007dd6       0x30 build/stm32f1xx_ll_usb.o
                0x0000000008007dd6                USB_ReadPMA
 .text.SystemInit
                0x0000000008007e06        0x2 build/system_stm32f1xx.o
                0x0000000008007e06                SystemInit
 .text.vListInitialise
                0x0000000008007e08       0x16 build/list.o
                0x0000000008007e08                vListInitialise
 .text.vListInitialiseItem
                0x0000000008007e1e        0x6 build/list.o
                0x0000000008007e1e                vListInitialiseItem
 .text.vListInsertEnd
                0x0000000008007e24       0x16 build/list.o
                0x0000000008007e24                vListInsertEnd
 .text.vListInsert
                0x0000000008007e3a       0x32 build/list.o
                0x0000000008007e3a                vListInsert
 .text.uxListRemove
                0x0000000008007e6c       0x26 build/list.o
                0x0000000008007e6c                uxListRemove
 *fill*         0x0000000008007e92        0x2 
 .text.prvResetNextTaskUnblockTime
                0x0000000008007e94       0x2c build/tasks.o
 .text.prvInitialiseNewTask
                0x0000000008007ec0       0x94 build/tasks.o
 .text.prvInitialiseTaskLists
                0x0000000008007f54       0x68 build/tasks.o
 .text.prvAddNewTaskToReadyList
                0x0000000008007fbc       0xa8 build/tasks.o
 .text.prvDeleteTCB
                0x0000000008008064       0x38 build/tasks.o
 .text.prvCheckTasksWaitingTermination
                0x000000000800809c       0x4c build/tasks.o
 .text.prvIdleTask
                0x00000000080080e8       0x28 build/tasks.o
 .text.prvAddCurrentTaskToDelayedList
                0x0000000008008110       0x98 build/tasks.o
 .text.xTaskCreateStatic
                0x00000000080081a8       0x74 build/tasks.o
                0x00000000080081a8                xTaskCreateStatic
 .text.xTaskCreate
                0x000000000800821c       0x68 build/tasks.o
                0x000000000800821c                xTaskCreate
 .text.vTaskDelete
                0x0000000008008284       0xe0 build/tasks.o
                0x0000000008008284                vTaskDelete
 .text.vTaskStartScheduler
                0x0000000008008364       0x74 build/tasks.o
                0x0000000008008364                vTaskStartScheduler
 .text.vTaskSuspendAll
                0x00000000080083d8       0x10 build/tasks.o
                0x00000000080083d8                vTaskSuspendAll
 .text.xTaskIncrementTick
                0x00000000080083e8      0x118 build/tasks.o
                0x00000000080083e8                xTaskIncrementTick
 .text.xTaskResumeAll
                0x0000000008008500       0xf8 build/tasks.o
                0x0000000008008500                xTaskResumeAll
 .text.vTaskDelay
                0x00000000080085f8       0x4c build/tasks.o
                0x00000000080085f8                vTaskDelay
 .text.vTaskSwitchContext
                0x0000000008008644       0x98 build/tasks.o
                0x0000000008008644                vTaskSwitchContext
 .text.makeFreeRtosPriority
                0x00000000080086dc        0xc build/cmsis_os.o
 .text.osKernelStart
                0x00000000080086e8        0xa build/cmsis_os.o
                0x00000000080086e8                osKernelStart
 .text.osThreadCreate
                0x00000000080086f2       0x6a build/cmsis_os.o
                0x00000000080086f2                osThreadCreate
 .text.osThreadTerminate
                0x000000000800875c        0xa build/cmsis_os.o
                0x000000000800875c                osThreadTerminate
 .text.osDelay  0x0000000008008766        0xe build/cmsis_os.o
                0x0000000008008766                osDelay
 .text.prvHeapInit
                0x0000000008008774       0x64 build/heap_4.o
 .text.prvInsertBlockIntoFreeList
                0x00000000080087d8       0x60 build/heap_4.o
 .text.pvPortMalloc
                0x0000000008008838       0xf0 build/heap_4.o
                0x0000000008008838                pvPortMalloc
 .text.vPortFree
                0x0000000008008928       0x70 build/heap_4.o
                0x0000000008008928                vPortFree
 .text.prvTaskExitError
                0x0000000008008998       0x40 build/port.o
 .text.prvPortStartFirstTask
                0x00000000080089d8       0x20 build/port.o
 .text.pxPortInitialiseStack
                0x00000000080089f8       0x24 build/port.o
                0x00000000080089f8                pxPortInitialiseStack
 *fill*         0x0000000008008a1c        0x4 
 .text.SVC_Handler
                0x0000000008008a20       0x24 build/port.o
                0x0000000008008a20                SVC_Handler
 .text.vPortEnterCritical
                0x0000000008008a44       0x44 build/port.o
                0x0000000008008a44                vPortEnterCritical
 .text.vPortExitCritical
                0x0000000008008a88       0x2c build/port.o
                0x0000000008008a88                vPortExitCritical
 *fill*         0x0000000008008ab4        0xc 
 .text.PendSV_Handler
                0x0000000008008ac0       0x44 build/port.o
                0x0000000008008ac0                PendSV_Handler
 .text.SysTick_Handler
                0x0000000008008b04       0x2c build/port.o
                0x0000000008008b04                SysTick_Handler
 .text.vPortSetupTimerInterrupt
                0x0000000008008b30       0x28 build/port.o
                0x0000000008008b30                vPortSetupTimerInterrupt
 .text.xPortStartScheduler
                0x0000000008008b58       0xc0 build/port.o
                0x0000000008008b58                xPortStartScheduler
 .text.USBD_Init
                0x0000000008008c18       0x2e build/usbd_core.o
                0x0000000008008c18                USBD_Init
 .text.USBD_RegisterClass
                0x0000000008008c46        0xe build/usbd_core.o
                0x0000000008008c46                USBD_RegisterClass
 .text.USBD_Start
                0x0000000008008c54        0xa build/usbd_core.o
                0x0000000008008c54                USBD_Start
 .text.USBD_SetClassConfig
                0x0000000008008c5e       0x18 build/usbd_core.o
                0x0000000008008c5e                USBD_SetClassConfig
 .text.USBD_ClrClassConfig
                0x0000000008008c76        0xe build/usbd_core.o
                0x0000000008008c76                USBD_ClrClassConfig
 .text.USBD_LL_SetupStage
                0x0000000008008c84       0x5a build/usbd_core.o
                0x0000000008008c84                USBD_LL_SetupStage
 .text.USBD_LL_DataOutStage
                0x0000000008008cde       0x8c build/usbd_core.o
                0x0000000008008cde                USBD_LL_DataOutStage
 .text.USBD_LL_DataInStage
                0x0000000008008d6a       0xd0 build/usbd_core.o
                0x0000000008008d6a                USBD_LL_DataInStage
 .text.USBD_LL_Reset
                0x0000000008008e3a       0x50 build/usbd_core.o
                0x0000000008008e3a                USBD_LL_Reset
 .text.USBD_LL_SetSpeed
                0x0000000008008e8a        0x6 build/usbd_core.o
                0x0000000008008e8a                USBD_LL_SetSpeed
 .text.USBD_LL_Suspend
                0x0000000008008e90       0x12 build/usbd_core.o
                0x0000000008008e90                USBD_LL_Suspend
 .text.USBD_LL_Resume
                0x0000000008008ea2       0x16 build/usbd_core.o
                0x0000000008008ea2                USBD_LL_Resume
 .text.USBD_LL_SOF
                0x0000000008008eb8       0x1c build/usbd_core.o
                0x0000000008008eb8                USBD_LL_SOF
 .text.USBD_GetLen
                0x0000000008008ed4       0x14 build/usbd_ctlreq.o
 .text.USBD_SetFeature
                0x0000000008008ee8       0x14 build/usbd_ctlreq.o
 .text.USBD_ParseSetupRequest
                0x0000000008008efc       0x28 build/usbd_ctlreq.o
                0x0000000008008efc                USBD_ParseSetupRequest
 .text.USBD_CtlError
                0x0000000008008f24       0x14 build/usbd_ctlreq.o
                0x0000000008008f24                USBD_CtlError
 .text.USBD_GetDescriptor
                0x0000000008008f38      0x186 build/usbd_ctlreq.o
 .text.USBD_SetAddress
                0x00000000080090be       0x4e build/usbd_ctlreq.o
 .text.USBD_SetConfig
                0x000000000800910c       0xb0 build/usbd_ctlreq.o
 .text.USBD_GetConfig
                0x00000000080091bc       0x3e build/usbd_ctlreq.o
 .text.USBD_GetStatus
                0x00000000080091fa       0x38 build/usbd_ctlreq.o
 .text.USBD_ClrFeature
                0x0000000008009232       0x26 build/usbd_ctlreq.o
 .text.USBD_StdDevReq
                0x0000000008009258       0x68 build/usbd_ctlreq.o
                0x0000000008009258                USBD_StdDevReq
 .text.USBD_StdItfReq
                0x00000000080092c0       0x60 build/usbd_ctlreq.o
                0x00000000080092c0                USBD_StdItfReq
 .text.USBD_StdEPReq
                0x0000000008009320      0x1e2 build/usbd_ctlreq.o
                0x0000000008009320                USBD_StdEPReq
 .text.USBD_GetString
                0x0000000008009502       0x3a build/usbd_ctlreq.o
                0x0000000008009502                USBD_GetString
 .text.USBD_CtlSendData
                0x000000000800953c       0x1a build/usbd_ioreq.o
                0x000000000800953c                USBD_CtlSendData
 .text.USBD_CtlContinueSendData
                0x0000000008009556       0x10 build/usbd_ioreq.o
                0x0000000008009556                USBD_CtlContinueSendData
 .text.USBD_CtlPrepareRx
                0x0000000008009566       0x1e build/usbd_ioreq.o
                0x0000000008009566                USBD_CtlPrepareRx
 .text.USBD_CtlContinueRx
                0x0000000008009584       0x10 build/usbd_ioreq.o
                0x0000000008009584                USBD_CtlContinueRx
 .text.USBD_CtlSendStatus
                0x0000000008009594       0x16 build/usbd_ioreq.o
                0x0000000008009594                USBD_CtlSendStatus
 .text.USBD_CtlReceiveStatus
                0x00000000080095aa       0x16 build/usbd_ioreq.o
                0x00000000080095aa                USBD_CtlReceiveStatus
 .text.USBD_CDC_EP0_RxReady
                0x00000000080095c0       0x28 build/usbd_cdc.o
 .text.USBD_CDC_GetFSCfgDesc
                0x00000000080095e8        0xc build/usbd_cdc.o
 .text.USBD_CDC_GetHSCfgDesc
                0x00000000080095f4        0xc build/usbd_cdc.o
 .text.USBD_CDC_GetOtherSpeedCfgDesc
                0x0000000008009600        0xc build/usbd_cdc.o
 .text.USBD_CDC_GetDeviceQualifierDescriptor
                0x000000000800960c        0xc build/usbd_cdc.o
                0x000000000800960c                USBD_CDC_GetDeviceQualifierDescriptor
 .text.USBD_CDC_DataOut
                0x0000000008009618       0x2e build/usbd_cdc.o
 .text.USBD_CDC_DataIn
                0x0000000008009646       0x4e build/usbd_cdc.o
 .text.USBD_CDC_Setup
                0x0000000008009694       0xd6 build/usbd_cdc.o
 .text.USBD_CDC_DeInit
                0x000000000800976a       0x42 build/usbd_cdc.o
 .text.USBD_CDC_Init
                0x00000000080097ac       0xaa build/usbd_cdc.o
 .text.USBD_CDC_RegisterInterface
                0x0000000008009856        0xe build/usbd_cdc.o
                0x0000000008009856                USBD_CDC_RegisterInterface
 .text.USBD_CDC_SetTxBuffer
                0x0000000008009864       0x10 build/usbd_cdc.o
                0x0000000008009864                USBD_CDC_SetTxBuffer
 .text.USBD_CDC_SetRxBuffer
                0x0000000008009874        0xc build/usbd_cdc.o
                0x0000000008009874                USBD_CDC_SetRxBuffer
 .text.USBD_CDC_TransmitPacket
                0x0000000008009880       0x34 build/usbd_cdc.o
                0x0000000008009880                USBD_CDC_TransmitPacket
 .text.USBD_CDC_ReceivePacket
                0x00000000080098b4       0x30 build/usbd_cdc.o
                0x00000000080098b4                USBD_CDC_ReceivePacket
 .text.USBD_Get_USB_Status
                0x00000000080098e4       0x14 build/usbd_conf.o
 .text.HAL_PCD_MspInit
                0x00000000080098f8       0x40 build/usbd_conf.o
                0x00000000080098f8                HAL_PCD_MspInit
 .text.HAL_PCD_SetupStageCallback
                0x0000000008009938       0x10 build/usbd_conf.o
                0x0000000008009938                HAL_PCD_SetupStageCallback
 .text.HAL_PCD_DataOutStageCallback
                0x0000000008009948       0x18 build/usbd_conf.o
                0x0000000008009948                HAL_PCD_DataOutStageCallback
 .text.HAL_PCD_DataInStageCallback
                0x0000000008009960       0x16 build/usbd_conf.o
                0x0000000008009960                HAL_PCD_DataInStageCallback
 .text.HAL_PCD_SOFCallback
                0x0000000008009976        0xc build/usbd_conf.o
                0x0000000008009976                HAL_PCD_SOFCallback
 .text.HAL_PCD_ResetCallback
                0x0000000008009982       0x24 build/usbd_conf.o
                0x0000000008009982                HAL_PCD_ResetCallback
 *fill*         0x00000000080099a6        0x2 
 .text.HAL_PCD_SuspendCallback
                0x00000000080099a8       0x20 build/usbd_conf.o
                0x00000000080099a8                HAL_PCD_SuspendCallback
 .text.HAL_PCD_ResumeCallback
                0x00000000080099c8        0xc build/usbd_conf.o
                0x00000000080099c8                HAL_PCD_ResumeCallback
 .text.USBD_LL_Init
                0x00000000080099d4       0x84 build/usbd_conf.o
                0x00000000080099d4                USBD_LL_Init
 .text.USBD_LL_Start
                0x0000000008009a58       0x10 build/usbd_conf.o
                0x0000000008009a58                USBD_LL_Start
 .text.USBD_LL_OpenEP
                0x0000000008009a68       0x16 build/usbd_conf.o
                0x0000000008009a68                USBD_LL_OpenEP
 .text.USBD_LL_CloseEP
                0x0000000008009a7e       0x10 build/usbd_conf.o
                0x0000000008009a7e                USBD_LL_CloseEP
 .text.USBD_LL_StallEP
                0x0000000008009a8e       0x10 build/usbd_conf.o
                0x0000000008009a8e                USBD_LL_StallEP
 .text.USBD_LL_ClearStallEP
                0x0000000008009a9e       0x10 build/usbd_conf.o
                0x0000000008009a9e                USBD_LL_ClearStallEP
 .text.USBD_LL_IsStallEP
                0x0000000008009aae       0x2e build/usbd_conf.o
                0x0000000008009aae                USBD_LL_IsStallEP
 .text.USBD_LL_SetUSBAddress
                0x0000000008009adc       0x10 build/usbd_conf.o
                0x0000000008009adc                USBD_LL_SetUSBAddress
 .text.USBD_LL_Transmit
                0x0000000008009aec       0x10 build/usbd_conf.o
                0x0000000008009aec                USBD_LL_Transmit
 .text.USBD_LL_PrepareReceive
                0x0000000008009afc       0x10 build/usbd_conf.o
                0x0000000008009afc                USBD_LL_PrepareReceive
 .text.USBD_LL_GetRxDataSize
                0x0000000008009b0c        0xc build/usbd_conf.o
                0x0000000008009b0c                USBD_LL_GetRxDataSize
 .text.USBD_static_malloc
                0x0000000008009b18        0x8 build/usbd_conf.o
                0x0000000008009b18                USBD_static_malloc
 .text.USBD_static_free
                0x0000000008009b20        0x2 build/usbd_conf.o
                0x0000000008009b20                USBD_static_free
 .text.HAL_PCDEx_SetConnectionState
                0x0000000008009b22        0x2 build/usbd_conf.o
                0x0000000008009b22                HAL_PCDEx_SetConnectionState
 .text.USB_GPIO_Init
                0x0000000008009b24       0x54 build/usb_device.o
 .text.MX_USB_DEVICE_Init
                0x0000000008009b78       0x7c build/usb_device.o
                0x0000000008009b78                MX_USB_DEVICE_Init
 .text.USBD_FS_DeviceDescriptor
                0x0000000008009bf4        0xc build/usbd_desc.o
                0x0000000008009bf4                USBD_FS_DeviceDescriptor
 .text.USBD_FS_LangIDStrDescriptor
                0x0000000008009c00        0xc build/usbd_desc.o
                0x0000000008009c00                USBD_FS_LangIDStrDescriptor
 .text.IntToUnicode
                0x0000000008009c0c       0x46 build/usbd_desc.o
 *fill*         0x0000000008009c52        0x2 
 .text.Get_SerialNum
                0x0000000008009c54       0x38 build/usbd_desc.o
 .text.USBD_FS_SerialStrDescriptor
                0x0000000008009c8c       0x14 build/usbd_desc.o
                0x0000000008009c8c                USBD_FS_SerialStrDescriptor
 .text.USBD_FS_ProductStrDescriptor
                0x0000000008009ca0       0x24 build/usbd_desc.o
                0x0000000008009ca0                USBD_FS_ProductStrDescriptor
 .text.USBD_FS_ManufacturerStrDescriptor
                0x0000000008009cc4       0x1c build/usbd_desc.o
                0x0000000008009cc4                USBD_FS_ManufacturerStrDescriptor
 .text.USBD_FS_ConfigStrDescriptor
                0x0000000008009ce0       0x24 build/usbd_desc.o
                0x0000000008009ce0                USBD_FS_ConfigStrDescriptor
 .text.USBD_FS_InterfaceStrDescriptor
                0x0000000008009d04       0x24 build/usbd_desc.o
                0x0000000008009d04                USBD_FS_InterfaceStrDescriptor
 .text.CDC_DeInit_FS
                0x0000000008009d28        0x4 build/usbd_cdc_if.o
 .text.CDC_Control_FS
                0x0000000008009d2c        0x4 build/usbd_cdc_if.o
 .text.CDC_Receive_FS
                0x0000000008009d30       0x1c build/usbd_cdc_if.o
 .text.CDC_Init_FS
                0x0000000008009d4c       0x28 build/usbd_cdc_if.o
 .text.CDC_Transmit_FS
                0x0000000008009d74       0x2c build/usbd_cdc_if.o
                0x0000000008009d74                CDC_Transmit_FS
 .text.Reset_Handler
                0x0000000008009da0       0x48 build/startup_stm32f103xe.o
                0x0000000008009da0                Reset_Handler
 .text.Default_Handler
                0x0000000008009de8        0x2 build/startup_stm32f103xe.o
                0x0000000008009de8                RTC_Alarm_IRQHandler
                0x0000000008009de8                EXTI2_IRQHandler
                0x0000000008009de8                TIM8_TRG_COM_IRQHandler
                0x0000000008009de8                TIM8_CC_IRQHandler
                0x0000000008009de8                TIM1_CC_IRQHandler
                0x0000000008009de8                TIM6_IRQHandler
                0x0000000008009de8                PVD_IRQHandler
                0x0000000008009de8                SDIO_IRQHandler
                0x0000000008009de8                EXTI3_IRQHandler
                0x0000000008009de8                EXTI0_IRQHandler
                0x0000000008009de8                I2C2_EV_IRQHandler
                0x0000000008009de8                ADC1_2_IRQHandler
                0x0000000008009de8                SPI1_IRQHandler
                0x0000000008009de8                TAMPER_IRQHandler
                0x0000000008009de8                TIM8_UP_IRQHandler
                0x0000000008009de8                DMA2_Channel2_IRQHandler
                0x0000000008009de8                DMA1_Channel4_IRQHandler
                0x0000000008009de8                USART3_IRQHandler
                0x0000000008009de8                RTC_IRQHandler
                0x0000000008009de8                DMA1_Channel7_IRQHandler
                0x0000000008009de8                CAN1_RX1_IRQHandler
                0x0000000008009de8                UART5_IRQHandler
                0x0000000008009de8                ADC3_IRQHandler
                0x0000000008009de8                DMA2_Channel1_IRQHandler
                0x0000000008009de8                I2C1_EV_IRQHandler
                0x0000000008009de8                DMA1_Channel6_IRQHandler
                0x0000000008009de8                UART4_IRQHandler
                0x0000000008009de8                TIM3_IRQHandler
                0x0000000008009de8                RCC_IRQHandler
                0x0000000008009de8                TIM1_TRG_COM_IRQHandler
                0x0000000008009de8                DMA1_Channel1_IRQHandler
                0x0000000008009de8                Default_Handler
                0x0000000008009de8                EXTI15_10_IRQHandler
                0x0000000008009de8                TIM7_IRQHandler
                0x0000000008009de8                TIM5_IRQHandler
                0x0000000008009de8                EXTI9_5_IRQHandler
                0x0000000008009de8                SPI2_IRQHandler
                0x0000000008009de8                DMA1_Channel5_IRQHandler
                0x0000000008009de8                EXTI4_IRQHandler
                0x0000000008009de8                USB_HP_CAN1_TX_IRQHandler
                0x0000000008009de8                DMA1_Channel3_IRQHandler
                0x0000000008009de8                FSMC_IRQHandler
                0x0000000008009de8                TIM1_UP_IRQHandler
                0x0000000008009de8                WWDG_IRQHandler
                0x0000000008009de8                TIM2_IRQHandler
                0x0000000008009de8                TIM1_BRK_IRQHandler
                0x0000000008009de8                EXTI1_IRQHandler
                0x0000000008009de8                DMA2_Channel4_5_IRQHandler
                0x0000000008009de8                USART2_IRQHandler
                0x0000000008009de8                I2C2_ER_IRQHandler
                0x0000000008009de8                DMA1_Channel2_IRQHandler
                0x0000000008009de8                TIM8_BRK_IRQHandler
                0x0000000008009de8                CAN1_SCE_IRQHandler
                0x0000000008009de8                FLASH_IRQHandler
                0x0000000008009de8                USART1_IRQHandler
                0x0000000008009de8                SPI3_IRQHandler
                0x0000000008009de8                I2C1_ER_IRQHandler
                0x0000000008009de8                USBWakeUp_IRQHandler
                0x0000000008009de8                DMA2_Channel3_IRQHandler
 *(.glue_7)
 .glue_7        0x0000000008009dea        0x0 linker stubs
 *(.glue_7t)
 .glue_7t       0x0000000008009dea        0x0 linker stubs
 *(.eh_frame)
 *fill*         0x0000000008009dea        0x2 
 .eh_frame      0x0000000008009dec        0x0 /usr/lib/gcc/arm-none-eabi/10.3.1/thumb/v7-m/nofp/crtbegin.o
 *(.init)
 .init          0x0000000008009dec        0x4 /usr/lib/gcc/arm-none-eabi/10.3.1/thumb/v7-m/nofp/crti.o
                0x0000000008009dec                _init
 .init          0x0000000008009df0        0x8 /usr/lib/gcc/arm-none-eabi/10.3.1/thumb/v7-m/nofp/crtn.o
 *(.fini)
 .fini          0x0000000008009df8        0x4 /usr/lib/gcc/arm-none-eabi/10.3.1/thumb/v7-m/nofp/crti.o
                0x0000000008009df8                _fini
 .fini          0x0000000008009dfc        0x8 /usr/lib/gcc/arm-none-eabi/10.3.1/thumb/v7-m/nofp/crtn.o
                0x0000000008009e04                . = ALIGN (0x4)
                0x0000000008009e04                _etext = .

.vfp11_veneer   0x0000000008009e04        0x0
 .vfp11_veneer  0x0000000008009e04        0x0 linker stubs

.v4_bx          0x0000000008009e04        0x0
 .v4_bx         0x0000000008009e04        0x0 linker stubs

.iplt           0x0000000008009e04        0x0
 .iplt          0x0000000008009e04        0x0 /usr/lib/gcc/arm-none-eabi/10.3.1/thumb/v7-m/nofp/crtbegin.o

.rodata         0x0000000008009e08      0x4f4
                0x0000000008009e08                . = ALIGN (0x4)
 *(.rodata)
 .rodata        0x0000000008009e08       0x38 build/main.o
 .rodata        0x0000000008009e40        0x4 /usr/lib/gcc/arm-none-eabi/10.3.1/../../../arm-none-eabi/lib/thumb/v7-m/nofp/libc_nano.a(lib_a-impure.o)
                0x0000000008009e40                _global_impure_ptr
 .rodata        0x0000000008009e44       0x60 /usr/lib/gcc/arm-none-eabi/10.3.1/../../../arm-none-eabi/lib/thumb/v7-m/nofp/libc_nano.a(lib_a-findfp.o)
                0x0000000008009e44                __sf_fake_stderr
                0x0000000008009e64                __sf_fake_stdout
                0x0000000008009e84                __sf_fake_stdin
 *fill*         0x0000000008009ea4        0x4 
 .rodata        0x0000000008009ea8      0x128 /usr/lib/gcc/arm-none-eabi/10.3.1/../../../arm-none-eabi/lib/thumb/v7-m/nofp/libc_nano.a(lib_a-mprec.o)
                0x0000000008009eb8                __mprec_tens
                0x0000000008009f80                __mprec_tinytens
                0x0000000008009fa8                __mprec_bigtens
 .rodata        0x0000000008009fd0      0x101 /usr/lib/gcc/arm-none-eabi/10.3.1/../../../arm-none-eabi/lib/thumb/v7-m/nofp/libc_nano.a(lib_a-ctype_.o)
                0x0000000008009fd0                _ctype_
 *(.rodata*)
 *fill*         0x000000000800a0d1        0x3 
 .rodata.str1.4
                0x000000000800a0d4       0x12 build/main.o
 *fill*         0x000000000800a0e6        0x2 
 .rodata.TaskAboveNormal.str1.4
                0x000000000800a0e8       0x1d build/main.o
 *fill*         0x000000000800a105        0x3 
 .rodata.StartDefaultTask.str1.4
                0x000000000800a108       0x1c build/main.o
 .rodata.main.str1.4
                0x000000000800a124       0x15 build/main.o
 *fill*         0x000000000800a139        0x3 
 .rodata.HAL_RCC_GetSysClockFreq.str1.4
                0x000000000800a13c       0x11 build/stm32f1xx_hal_rcc.o
 *fill*         0x000000000800a14d        0x3 
 .rodata.AHBPrescTable
                0x000000000800a150       0x10 build/system_stm32f1xx.o
                0x000000000800a150                AHBPrescTable
 .rodata.APBPrescTable
                0x000000000800a160        0x8 build/system_stm32f1xx.o
                0x000000000800a160                APBPrescTable
 .rodata.vTaskStartScheduler.str1.4
                0x000000000800a168        0x5 build/tasks.o
 *fill*         0x000000000800a16d        0x3 
 .rodata.USBD_FS_ProductStrDescriptor.str1.4
                0x000000000800a170       0x16 build/usbd_desc.o
 *fill*         0x000000000800a186        0x2 
 .rodata.USBD_FS_ManufacturerStrDescriptor.str1.4
                0x000000000800a188       0x13 build/usbd_desc.o
 *fill*         0x000000000800a19b        0x1 
 .rodata.USBD_FS_ConfigStrDescriptor.str1.4
                0x000000000800a19c        0xb build/usbd_desc.o
 *fill*         0x000000000800a1a7        0x1 
 .rodata.USBD_FS_InterfaceStrDescriptor.str1.4
                0x000000000800a1a8        0xe build/usbd_desc.o
 *fill*         0x000000000800a1b6        0x2 
 .rodata.str1.4
                0x000000000800a1b8       0x12 /usr/lib/gcc/arm-none-eabi/10.3.1/../../../arm-none-eabi/lib/thumb/v7-m/nofp/libc_nano.a(lib_a-nano-vfprintf_float.o)
 *fill*         0x000000000800a1ca        0x2 
 .rodata.str1.4
                0x000000000800a1cc       0x25 /usr/lib/gcc/arm-none-eabi/10.3.1/../../../arm-none-eabi/lib/thumb/v7-m/nofp/libc_nano.a(lib_a-nano-vfprintf_i.o)
 *fill*         0x000000000800a1f1        0x3 
 .rodata.str1.4
                0x000000000800a1f4       0x6d /usr/lib/gcc/arm-none-eabi/10.3.1/../../../arm-none-eabi/lib/thumb/v7-m/nofp/libc_nano.a(lib_a-dtoa.o)
                                         0x71 (size before relaxing)
 *fill*         0x000000000800a261        0x3 
 .rodata.str1.4
                0x000000000800a264       0x33 /usr/lib/gcc/arm-none-eabi/10.3.1/../../../arm-none-eabi/lib/thumb/v7-m/nofp/libc_nano.a(lib_a-mprec.o)
                                         0x5d (size before relaxing)
 *fill*         0x000000000800a297        0x1 
 .rodata.str1.4
                0x000000000800a298       0x13 /usr/lib/gcc/arm-none-eabi/10.3.1/../../../arm-none-eabi/lib/thumb/v7-m/nofp/libc_nano.a(lib_a-nano-vfprintf.o)
 *fill*         0x000000000800a2ab        0x1 
 .rodata.str1.4
                0x000000000800a2ac       0x3f /usr/lib/gcc/arm-none-eabi/10.3.1/../../../arm-none-eabi/lib/thumb/v7-m/nofp/libc_nano.a(lib_a-assert.o)
                                         0x43 (size before relaxing)
 *fill*         0x000000000800a2eb        0x1 
 .rodata.str1.4
                0x000000000800a2ec        0xe /usr/lib/gcc/arm-none-eabi/10.3.1/../../../arm-none-eabi/lib/thumb/v7-m/nofp/libc_nano.a(lib_a-locale.o)
                                         0x12 (size before relaxing)
                0x000000000800a2fc                . = ALIGN (0x4)
 *fill*         0x000000000800a2fa        0x2 

.rel.dyn        0x000000000800a2fc        0x0
 .rel.iplt      0x000000000800a2fc        0x0 /usr/lib/gcc/arm-none-eabi/10.3.1/thumb/v7-m/nofp/crtbegin.o

.ARM.extab
 *(.ARM.extab* .gnu.linkonce.armextab.*)

.ARM            0x000000000800a2fc        0x0
                0x000000000800a2fc                __exidx_start = .
 *(.ARM.exidx*)
                0x000000000800a2fc                __exidx_end = .

.preinit_array  0x000000000800a2fc        0x0
                0x000000000800a2fc                PROVIDE (__preinit_array_start = .)
 *(.preinit_array*)
                0x000000000800a2fc                PROVIDE (__preinit_array_end = .)

.init_array     0x000000000800a2fc        0x4
                0x000000000800a2fc                PROVIDE (__init_array_start = .)
 *(SORT_BY_NAME(.init_array.*))
 *(.init_array*)
 .init_array    0x000000000800a2fc        0x4 /usr/lib/gcc/arm-none-eabi/10.3.1/thumb/v7-m/nofp/crtbegin.o
                0x000000000800a300                PROVIDE (__init_array_end = .)

.fini_array     0x000000000800a300        0x4
                0x000000000800a300                PROVIDE (__fini_array_start = .)
 *(SORT_BY_NAME(.fini_array.*))
 *(.fini_array*)
 .fini_array    0x000000000800a300        0x4 /usr/lib/gcc/arm-none-eabi/10.3.1/thumb/v7-m/nofp/crtbegin.o
                0x000000000800a304                PROVIDE (__fini_array_end = .)
                0x000000000800a304                _sidata = LOADADDR (.data)

.data           0x0000000020000000      0x350 load address 0x000000000800a304
                0x0000000020000000                . = ALIGN (0x4)
                0x0000000020000000                _sdata = .
 *(.data)
 .data          0x0000000020000000       0x64 /usr/lib/gcc/arm-none-eabi/10.3.1/../../../arm-none-eabi/lib/thumb/v7-m/nofp/libc_nano.a(lib_a-impure.o)
                0x0000000020000000                _impure_ptr
 .data          0x0000000020000064      0x16c /usr/lib/gcc/arm-none-eabi/10.3.1/../../../arm-none-eabi/lib/thumb/v7-m/nofp/libc_nano.a(lib_a-locale.o)
                0x0000000020000064                __global_locale
 *(.data*)
 .data.uwTickFreq
                0x00000000200001d0        0x1 build/stm32f1xx_hal.o
                0x00000000200001d0                uwTickFreq
 *fill*         0x00000000200001d1        0x3 
 .data.uwTickPrio
                0x00000000200001d4        0x4 build/stm32f1xx_hal.o
                0x00000000200001d4                uwTickPrio
 .data.SystemCoreClock
                0x00000000200001d8        0x4 build/system_stm32f1xx.o
                0x00000000200001d8                SystemCoreClock
 .data.uxCriticalNesting
                0x00000000200001dc        0x4 build/port.o
 .data.USBD_CDC
                0x00000000200001e0       0x38 build/usbd_cdc.o
                0x00000000200001e0                USBD_CDC
 .data.USBD_CDC_CfgFSDesc
                0x0000000020000218       0x43 build/usbd_cdc.o
                0x0000000020000218                USBD_CDC_CfgFSDesc
 *fill*         0x000000002000025b        0x1 
 .data.USBD_CDC_CfgHSDesc
                0x000000002000025c       0x43 build/usbd_cdc.o
                0x000000002000025c                USBD_CDC_CfgHSDesc
 *fill*         0x000000002000029f        0x1 
 .data.USBD_CDC_DeviceQualifierDesc
                0x00000000200002a0        0xa build/usbd_cdc.o
 *fill*         0x00000000200002aa        0x2 
 .data.USBD_CDC_OtherSpeedCfgDesc
                0x00000000200002ac       0x43 build/usbd_cdc.o
                0x00000000200002ac                USBD_CDC_OtherSpeedCfgDesc
 *fill*         0x00000000200002ef        0x1 
 .data.FS_Desc  0x00000000200002f0       0x1c build/usbd_desc.o
                0x00000000200002f0                FS_Desc
 .data.USBD_FS_DeviceDesc
                0x000000002000030c       0x12 build/usbd_desc.o
                0x000000002000030c                USBD_FS_DeviceDesc
 *fill*         0x000000002000031e        0x2 
 .data.USBD_LangIDDesc
                0x0000000020000320        0x4 build/usbd_desc.o
                0x0000000020000320                USBD_LangIDDesc
 .data.USBD_StringSerial
                0x0000000020000324       0x1a build/usbd_desc.o
                0x0000000020000324                USBD_StringSerial
 *fill*         0x000000002000033e        0x2 
 .data.USBD_Interface_fops_FS
                0x0000000020000340       0x10 build/usbd_cdc_if.o
                0x0000000020000340                USBD_Interface_fops_FS
                0x0000000020000350                . = ALIGN (0x4)
                0x0000000020000350                _edata = .

.tm_clone_table
                0x0000000020000350        0x0 load address 0x000000000800a654
 .tm_clone_table
                0x0000000020000350        0x0 /usr/lib/gcc/arm-none-eabi/10.3.1/thumb/v7-m/nofp/crtbegin.o
 .tm_clone_table
                0x0000000020000350        0x0 /usr/lib/gcc/arm-none-eabi/10.3.1/thumb/v7-m/nofp/crtend.o

.igot.plt       0x0000000020000350        0x0 load address 0x000000000800a654
 .igot.plt      0x0000000020000350        0x0 /usr/lib/gcc/arm-none-eabi/10.3.1/thumb/v7-m/nofp/crtbegin.o
                0x0000000020000350                . = ALIGN (0x4)

.bss            0x0000000020000350     0x2208 load address 0x000000000800a654
                0x0000000020000350                _sbss = .
                0x0000000020000350                __bss_start__ = _sbss
 *(.bss)
 .bss           0x0000000020000350       0x1c /usr/lib/gcc/arm-none-eabi/10.3.1/thumb/v7-m/nofp/crtbegin.o
 .bss           0x000000002000036c        0x8 /usr/lib/gcc/arm-none-eabi/10.3.1/../../../arm-none-eabi/lib/thumb/v7-m/nofp/libc_nano.a(lib_a-nano-mallocr.o)
                0x000000002000036c                __malloc_free_list
                0x0000000020000370                __malloc_sbrk_start
 .bss           0x0000000020000374        0x4 /usr/lib/gcc/arm-none-eabi/10.3.1/../../../arm-none-eabi/lib/thumb/v7-m/nofp/libc_nano.a(lib_a-reent.o)
                0x0000000020000374                errno
 .bss           0x0000000020000378        0x4 /usr/lib/gcc/arm-none-eabi/10.3.1/../../../arm-none-eabi/lib/thumb/v7-m/nofp/libnosys.a(sbrk.o)
 *(.bss*)
 .bss.AboveNormalHandle
                0x000000002000037c        0x4 build/main.o
                0x000000002000037c                AboveNormalHandle
 .bss.defaultTaskHandle
                0x0000000020000380        0x4 build/main.o
                0x0000000020000380                defaultTaskHandle
 .bss.huart1    0x0000000020000384       0x44 build/main.o
                0x0000000020000384                huart1
 .bss.xIdleStack
                0x00000000200003c8      0x200 build/freertos.o
 .bss.xIdleTaskTCBBuffer
                0x00000000200005c8       0x54 build/freertos.o
 .bss.htim4     0x000000002000061c       0x48 build/stm32f1xx_hal_timebase_tim.o
                0x000000002000061c                htim4
 .bss.uwTick    0x0000000020000664        0x4 build/stm32f1xx_hal.o
                0x0000000020000664                uwTick
 .bss.pxCurrentTCB
                0x0000000020000668        0x4 build/tasks.o
                0x0000000020000668                pxCurrentTCB
 .bss.pxDelayedTaskList
                0x000000002000066c        0x4 build/tasks.o
 .bss.pxOverflowDelayedTaskList
                0x0000000020000670        0x4 build/tasks.o
 .bss.pxReadyTasksLists
                0x0000000020000674       0x8c build/tasks.o
 .bss.uxCurrentNumberOfTasks
                0x0000000020000700        0x4 build/tasks.o
 .bss.uxDeletedTasksWaitingCleanUp
                0x0000000020000704        0x4 build/tasks.o
 .bss.uxPendedTicks
                0x0000000020000708        0x4 build/tasks.o
 .bss.uxSchedulerSuspended
                0x000000002000070c        0x4 build/tasks.o
 .bss.uxTaskNumber
                0x0000000020000710        0x4 build/tasks.o
 .bss.uxTopReadyPriority
                0x0000000020000714        0x4 build/tasks.o
 .bss.xDelayedTaskList1
                0x0000000020000718       0x14 build/tasks.o
 .bss.xDelayedTaskList2
                0x000000002000072c       0x14 build/tasks.o
 .bss.xIdleTaskHandle
                0x0000000020000740        0x4 build/tasks.o
 .bss.xNextTaskUnblockTime
                0x0000000020000744        0x4 build/tasks.o
 .bss.xNumOfOverflows
                0x0000000020000748        0x4 build/tasks.o
 .bss.xPendingReadyList
                0x000000002000074c       0x14 build/tasks.o
 .bss.xSchedulerRunning
                0x0000000020000760        0x4 build/tasks.o
 .bss.xSuspendedTaskList
                0x0000000020000764       0x14 build/tasks.o
 .bss.xTasksWaitingTermination
                0x0000000020000778       0x14 build/tasks.o
 .bss.xTickCount
                0x000000002000078c        0x4 build/tasks.o
 .bss.xYieldPending
                0x0000000020000790        0x4 build/tasks.o
 .bss.pxEnd     0x0000000020000794        0x4 build/heap_4.o
 .bss.ucHeap    0x0000000020000798      0xc00 build/heap_4.o
 .bss.xBlockAllocatedBit
                0x0000000020001398        0x4 build/heap_4.o
 .bss.xFreeBytesRemaining
                0x000000002000139c        0x4 build/heap_4.o
 .bss.xMinimumEverFreeBytesRemaining
                0x00000000200013a0        0x4 build/heap_4.o
 .bss.xStart    0x00000000200013a4        0x8 build/heap_4.o
 .bss.ucMaxSysCallPriority
                0x00000000200013ac        0x1 build/port.o
 *fill*         0x00000000200013ad        0x3 
 .bss.ulMaxPRIGROUPValue
                0x00000000200013b0        0x4 build/port.o
 .bss.cfgidx.0  0x00000000200013b4        0x1 build/usbd_ctlreq.o
 *fill*         0x00000000200013b5        0x3 
 .bss.hpcd_USB_FS
                0x00000000200013b8      0x2ec build/usbd_conf.o
                0x00000000200013b8                hpcd_USB_FS
 .bss.mem.0     0x00000000200016a4      0x220 build/usbd_conf.o
 .bss.hUsbDeviceFS
                0x00000000200018c4      0x2c4 build/usb_device.o
                0x00000000200018c4                hUsbDeviceFS
 .bss.USBD_StrDesc
                0x0000000020001b88      0x200 build/usbd_desc.o
                0x0000000020001b88                USBD_StrDesc
 .bss.UserRxBufferFS
                0x0000000020001d88      0x3e8 build/usbd_cdc_if.o
                0x0000000020001d88                UserRxBufferFS
 .bss.UserTxBufferFS
                0x0000000020002170      0x3e8 build/usbd_cdc_if.o
                0x0000000020002170                UserTxBufferFS
 *(COMMON)
                0x0000000020002558                . = ALIGN (0x4)
                0x0000000020002558                _ebss = .
                0x0000000020002558                __bss_end__ = _ebss

._user_heap_stack
                0x0000000020002558      0x600 load address 0x000000000800a654
                0x0000000020002558                . = ALIGN (0x8)
                0x0000000020002558                PROVIDE (end = .)
                [!provide]                        PROVIDE (_end = .)
                0x0000000020002758                . = (. + _Min_Heap_Size)
 *fill*         0x0000000020002558      0x200 
                0x0000000020002b58                . = (. + _Min_Stack_Size)
 *fill*         0x0000000020002758      0x400 
                0x0000000020002b58                . = ALIGN (0x8)

/DISCARD/
 libc.a(*)
 libm.a(*)
 libgcc.a(*)

.ARM.attributes
                0x0000000000000000       0x29
 *(.ARM.attributes)
 .ARM.attributes
                0x0000000000000000       0x1d /usr/lib/gcc/arm-none-eabi/10.3.1/thumb/v7-m/nofp/crti.o
 .ARM.attributes
                0x000000000000001d       0x2d /usr/lib/gcc/arm-none-eabi/10.3.1/thumb/v7-m/nofp/crtbegin.o
 .ARM.attributes
                0x000000000000004a       0x2d build/main.o
 .ARM.attributes
                0x0000000000000077       0x2d build/freertos.o
 .ARM.attributes
                0x00000000000000a4       0x2d build/stm32f1xx_it.o
 .ARM.attributes
                0x00000000000000d1       0x2d build/stm32f1xx_hal_msp.o
 .ARM.attributes
                0x00000000000000fe       0x2d build/stm32f1xx_hal_timebase_tim.o
 .ARM.attributes
                0x000000000000012b       0x2d build/stm32f1xx_hal.o
 .ARM.attributes
                0x0000000000000158       0x2d build/stm32f1xx_hal_rcc.o
 .ARM.attributes
                0x0000000000000185       0x2d build/stm32f1xx_hal_rcc_ex.o
 .ARM.attributes
                0x00000000000001b2       0x2d build/stm32f1xx_hal_gpio.o
 .ARM.attributes
                0x00000000000001df       0x2d build/stm32f1xx_hal_cortex.o
 .ARM.attributes
                0x000000000000020c       0x2d build/stm32f1xx_hal_tim.o
 .ARM.attributes
                0x0000000000000239       0x2d build/stm32f1xx_hal_tim_ex.o
 .ARM.attributes
                0x0000000000000266       0x2d build/stm32f1xx_hal_uart.o
 .ARM.attributes
                0x0000000000000293       0x2d build/stm32f1xx_hal_pcd.o
 .ARM.attributes
                0x00000000000002c0       0x2d build/stm32f1xx_hal_pcd_ex.o
 .ARM.attributes
                0x00000000000002ed       0x2d build/stm32f1xx_ll_usb.o
 .ARM.attributes
                0x000000000000031a       0x2d build/system_stm32f1xx.o
 .ARM.attributes
                0x0000000000000347       0x2d build/list.o
 .ARM.attributes
                0x0000000000000374       0x2d build/tasks.o
 .ARM.attributes
                0x00000000000003a1       0x2d build/cmsis_os.o
 .ARM.attributes
                0x00000000000003ce       0x2d build/heap_4.o
 .ARM.attributes
                0x00000000000003fb       0x2d build/port.o
 .ARM.attributes
                0x0000000000000428       0x2d build/usbd_core.o
 .ARM.attributes
                0x0000000000000455       0x2d build/usbd_ctlreq.o
 .ARM.attributes
                0x0000000000000482       0x2d build/usbd_ioreq.o
 .ARM.attributes
                0x00000000000004af       0x2d build/usbd_cdc.o
 .ARM.attributes
                0x00000000000004dc       0x2d build/usbd_conf.o
 .ARM.attributes
                0x0000000000000509       0x2d build/usb_device.o
 .ARM.attributes
                0x0000000000000536       0x2d build/usbd_desc.o
 .ARM.attributes
                0x0000000000000563       0x2d build/usbd_cdc_if.o
 .ARM.attributes
                0x0000000000000590       0x21 build/startup_stm32f103xe.o
 .ARM.attributes
                0x00000000000005b1       0x2d /usr/lib/gcc/arm-none-eabi/10.3.1/../../../arm-none-eabi/lib/thumb/v7-m/nofp/libc_nano.a(lib_a-errno.o)
 .ARM.attributes
                0x00000000000005de       0x2d /usr/lib/gcc/arm-none-eabi/10.3.1/../../../arm-none-eabi/lib/thumb/v7-m/nofp/libc_nano.a(lib_a-impure.o)
 .ARM.attributes
                0x000000000000060b       0x2d /usr/lib/gcc/arm-none-eabi/10.3.1/../../../arm-none-eabi/lib/thumb/v7-m/nofp/libc_nano.a(lib_a-init.o)
 .ARM.attributes
                0x0000000000000638       0x1b /usr/lib/gcc/arm-none-eabi/10.3.1/../../../arm-none-eabi/lib/thumb/v7-m/nofp/libc_nano.a(lib_a-memcpy.o)
 .ARM.attributes
                0x0000000000000653       0x2d /usr/lib/gcc/arm-none-eabi/10.3.1/../../../arm-none-eabi/lib/thumb/v7-m/nofp/libc_nano.a(lib_a-memset.o)
 .ARM.attributes
                0x0000000000000680       0x2d /usr/lib/gcc/arm-none-eabi/10.3.1/../../../arm-none-eabi/lib/thumb/v7-m/nofp/libc_nano.a(lib_a-nano-vfprintf_float.o)
 .ARM.attributes
                0x00000000000006ad       0x2d /usr/lib/gcc/arm-none-eabi/10.3.1/../../../arm-none-eabi/lib/thumb/v7-m/nofp/libc_nano.a(lib_a-nano-vfprintf_i.o)
 .ARM.attributes
                0x00000000000006da       0x2d /usr/lib/gcc/arm-none-eabi/10.3.1/../../../arm-none-eabi/lib/thumb/v7-m/nofp/libc_nano.a(lib_a-printf.o)
 .ARM.attributes
                0x0000000000000707       0x2d /usr/lib/gcc/arm-none-eabi/10.3.1/../../../arm-none-eabi/lib/thumb/v7-m/nofp/libc_nano.a(lib_a-puts.o)
 .ARM.attributes
                0x0000000000000734       0x2d /usr/lib/gcc/arm-none-eabi/10.3.1/../../../arm-none-eabi/lib/thumb/v7-m/nofp/libc_nano.a(lib_a-strlen-stub.o)
 .ARM.attributes
                0x0000000000000761       0x2d /usr/lib/gcc/arm-none-eabi/10.3.1/../../../arm-none-eabi/lib/thumb/v7-m/nofp/libc_nano.a(lib_a-wbuf.o)
 .ARM.attributes
                0x000000000000078e       0x2d /usr/lib/gcc/arm-none-eabi/10.3.1/../../../arm-none-eabi/lib/thumb/v7-m/nofp/libc_nano.a(lib_a-wsetup.o)
 .ARM.attributes
                0x00000000000007bb       0x2d /usr/lib/gcc/arm-none-eabi/10.3.1/../../../arm-none-eabi/lib/thumb/v7-m/nofp/libc_nano.a(lib_a-dtoa.o)
 .ARM.attributes
                0x00000000000007e8       0x2d /usr/lib/gcc/arm-none-eabi/10.3.1/../../../arm-none-eabi/lib/thumb/v7-m/nofp/libc_nano.a(lib_a-fflush.o)
 .ARM.attributes
                0x0000000000000815       0x2d /usr/lib/gcc/arm-none-eabi/10.3.1/../../../arm-none-eabi/lib/thumb/v7-m/nofp/libc_nano.a(lib_a-findfp.o)
 .ARM.attributes
                0x0000000000000842       0x2d /usr/lib/gcc/arm-none-eabi/10.3.1/../../../arm-none-eabi/lib/thumb/v7-m/nofp/libc_nano.a(lib_a-fwalk.o)
 .ARM.attributes
                0x000000000000086f       0x2d /usr/lib/gcc/arm-none-eabi/10.3.1/../../../arm-none-eabi/lib/thumb/v7-m/nofp/libc_nano.a(lib_a-localeconv.o)
 .ARM.attributes
                0x000000000000089c       0x2d /usr/lib/gcc/arm-none-eabi/10.3.1/../../../arm-none-eabi/lib/thumb/v7-m/nofp/libc_nano.a(lib_a-makebuf.o)
 .ARM.attributes
                0x00000000000008c9       0x2d /usr/lib/gcc/arm-none-eabi/10.3.1/../../../arm-none-eabi/lib/thumb/v7-m/nofp/libc_nano.a(lib_a-malloc.o)
 .ARM.attributes
                0x00000000000008f6       0x2d /usr/lib/gcc/arm-none-eabi/10.3.1/../../../arm-none-eabi/lib/thumb/v7-m/nofp/libc_nano.a(lib_a-memchr-stub.o)
 .ARM.attributes
                0x0000000000000923       0x2d /usr/lib/gcc/arm-none-eabi/10.3.1/../../../arm-none-eabi/lib/thumb/v7-m/nofp/libc_nano.a(lib_a-mprec.o)
 .ARM.attributes
                0x0000000000000950       0x2d /usr/lib/gcc/arm-none-eabi/10.3.1/../../../arm-none-eabi/lib/thumb/v7-m/nofp/libc_nano.a(lib_a-nano-callocr.o)
 .ARM.attributes
                0x000000000000097d       0x2d /usr/lib/gcc/arm-none-eabi/10.3.1/../../../arm-none-eabi/lib/thumb/v7-m/nofp/libc_nano.a(lib_a-nano-freer.o)
 .ARM.attributes
                0x00000000000009aa       0x2d /usr/lib/gcc/arm-none-eabi/10.3.1/../../../arm-none-eabi/lib/thumb/v7-m/nofp/libc_nano.a(lib_a-nano-mallocr.o)
 .ARM.attributes
                0x00000000000009d7       0x2d /usr/lib/gcc/arm-none-eabi/10.3.1/../../../arm-none-eabi/lib/thumb/v7-m/nofp/libc_nano.a(lib_a-nano-vfprintf.o)
 .ARM.attributes
                0x0000000000000a04       0x2d /usr/lib/gcc/arm-none-eabi/10.3.1/../../../arm-none-eabi/lib/thumb/v7-m/nofp/libc_nano.a(lib_a-sbrkr.o)
 .ARM.attributes
                0x0000000000000a31       0x2d /usr/lib/gcc/arm-none-eabi/10.3.1/../../../arm-none-eabi/lib/thumb/v7-m/nofp/libc_nano.a(lib_a-stdio.o)
 .ARM.attributes
                0x0000000000000a5e       0x2d /usr/lib/gcc/arm-none-eabi/10.3.1/../../../arm-none-eabi/lib/thumb/v7-m/nofp/libc_nano.a(lib_a-writer.o)
 .ARM.attributes
                0x0000000000000a8b       0x2d /usr/lib/gcc/arm-none-eabi/10.3.1/../../../arm-none-eabi/lib/thumb/v7-m/nofp/libc_nano.a(lib_a-assert.o)
 .ARM.attributes
                0x0000000000000ab8       0x2d /usr/lib/gcc/arm-none-eabi/10.3.1/../../../arm-none-eabi/lib/thumb/v7-m/nofp/libc_nano.a(lib_a-closer.o)
 .ARM.attributes
                0x0000000000000ae5       0x2d /usr/lib/gcc/arm-none-eabi/10.3.1/../../../arm-none-eabi/lib/thumb/v7-m/nofp/libc_nano.a(lib_a-fprintf.o)
 .ARM.attributes
                0x0000000000000b12       0x2d /usr/lib/gcc/arm-none-eabi/10.3.1/../../../arm-none-eabi/lib/thumb/v7-m/nofp/libc_nano.a(lib_a-fstatr.o)
 .ARM.attributes
                0x0000000000000b3f       0x2d /usr/lib/gcc/arm-none-eabi/10.3.1/../../../arm-none-eabi/lib/thumb/v7-m/nofp/libc_nano.a(lib_a-fvwrite.o)
 .ARM.attributes
                0x0000000000000b6c       0x2d /usr/lib/gcc/arm-none-eabi/10.3.1/../../../arm-none-eabi/lib/thumb/v7-m/nofp/libc_nano.a(lib_a-isattyr.o)
 .ARM.attributes
                0x0000000000000b99       0x2d /usr/lib/gcc/arm-none-eabi/10.3.1/../../../arm-none-eabi/lib/thumb/v7-m/nofp/libc_nano.a(lib_a-locale.o)
 .ARM.attributes
                0x0000000000000bc6       0x2d /usr/lib/gcc/arm-none-eabi/10.3.1/../../../arm-none-eabi/lib/thumb/v7-m/nofp/libc_nano.a(lib_a-lseekr.o)
 .ARM.attributes
                0x0000000000000bf3       0x2d /usr/lib/gcc/arm-none-eabi/10.3.1/../../../arm-none-eabi/lib/thumb/v7-m/nofp/libc_nano.a(lib_a-mbtowc_r.o)
 .ARM.attributes
                0x0000000000000c20       0x2d /usr/lib/gcc/arm-none-eabi/10.3.1/../../../arm-none-eabi/lib/thumb/v7-m/nofp/libc_nano.a(lib_a-memmove.o)
 .ARM.attributes
                0x0000000000000c4d       0x2d /usr/lib/gcc/arm-none-eabi/10.3.1/../../../arm-none-eabi/lib/thumb/v7-m/nofp/libc_nano.a(lib_a-mlock.o)
 .ARM.attributes
                0x0000000000000c7a       0x2d /usr/lib/gcc/arm-none-eabi/10.3.1/../../../arm-none-eabi/lib/thumb/v7-m/nofp/libc_nano.a(lib_a-nano-reallocr.o)
 .ARM.attributes
                0x0000000000000ca7       0x2d /usr/lib/gcc/arm-none-eabi/10.3.1/../../../arm-none-eabi/lib/thumb/v7-m/nofp/libc_nano.a(lib_a-readr.o)
 .ARM.attributes
                0x0000000000000cd4       0x2d /usr/lib/gcc/arm-none-eabi/10.3.1/../../../arm-none-eabi/lib/thumb/v7-m/nofp/libc_nano.a(lib_a-reent.o)
 .ARM.attributes
                0x0000000000000d01       0x2d /usr/lib/gcc/arm-none-eabi/10.3.1/../../../arm-none-eabi/lib/thumb/v7-m/nofp/libc_nano.a(lib_a-wctomb_r.o)
 .ARM.attributes
                0x0000000000000d2e       0x2d /usr/lib/gcc/arm-none-eabi/10.3.1/../../../arm-none-eabi/lib/thumb/v7-m/nofp/libc_nano.a(lib_a-abort.o)
 .ARM.attributes
                0x0000000000000d5b       0x2d /usr/lib/gcc/arm-none-eabi/10.3.1/../../../arm-none-eabi/lib/thumb/v7-m/nofp/libc_nano.a(lib_a-ctype_.o)
 .ARM.attributes
                0x0000000000000d88       0x2d /usr/lib/gcc/arm-none-eabi/10.3.1/../../../arm-none-eabi/lib/thumb/v7-m/nofp/libc_nano.a(lib_a-nano-msizer.o)
 .ARM.attributes
                0x0000000000000db5       0x2d /usr/lib/gcc/arm-none-eabi/10.3.1/../../../arm-none-eabi/lib/thumb/v7-m/nofp/libc_nano.a(lib_a-signal.o)
 .ARM.attributes
                0x0000000000000de2       0x2d /usr/lib/gcc/arm-none-eabi/10.3.1/../../../arm-none-eabi/lib/thumb/v7-m/nofp/libc_nano.a(lib_a-signalr.o)
 .ARM.attributes
                0x0000000000000e0f       0x2d /usr/lib/gcc/arm-none-eabi/10.3.1/../../../arm-none-eabi/lib/thumb/v7-m/nofp/libnosys.a(close.o)
 .ARM.attributes
                0x0000000000000e3c       0x2d /usr/lib/gcc/arm-none-eabi/10.3.1/../../../arm-none-eabi/lib/thumb/v7-m/nofp/libnosys.a(fstat.o)
 .ARM.attributes
                0x0000000000000e69       0x2d /usr/lib/gcc/arm-none-eabi/10.3.1/../../../arm-none-eabi/lib/thumb/v7-m/nofp/libnosys.a(getpid.o)
 .ARM.attributes
                0x0000000000000e96       0x2d /usr/lib/gcc/arm-none-eabi/10.3.1/../../../arm-none-eabi/lib/thumb/v7-m/nofp/libnosys.a(isatty.o)
 .ARM.attributes
                0x0000000000000ec3       0x2d /usr/lib/gcc/arm-none-eabi/10.3.1/../../../arm-none-eabi/lib/thumb/v7-m/nofp/libnosys.a(kill.o)
 .ARM.attributes
                0x0000000000000ef0       0x2d /usr/lib/gcc/arm-none-eabi/10.3.1/../../../arm-none-eabi/lib/thumb/v7-m/nofp/libnosys.a(lseek.o)
 .ARM.attributes
                0x0000000000000f1d       0x2d /usr/lib/gcc/arm-none-eabi/10.3.1/../../../arm-none-eabi/lib/thumb/v7-m/nofp/libnosys.a(read.o)
 .ARM.attributes
                0x0000000000000f4a       0x2d /usr/lib/gcc/arm-none-eabi/10.3.1/../../../arm-none-eabi/lib/thumb/v7-m/nofp/libnosys.a(sbrk.o)
 .ARM.attributes
                0x0000000000000f77       0x2d /usr/lib/gcc/arm-none-eabi/10.3.1/../../../arm-none-eabi/lib/thumb/v7-m/nofp/libnosys.a(_exit.o)
 .ARM.attributes
                0x0000000000000fa4       0x1d /usr/lib/gcc/arm-none-eabi/10.3.1/thumb/v7-m/nofp/libgcc.a(_arm_addsubdf3.o)
 .ARM.attributes
                0x0000000000000fc1       0x1d /usr/lib/gcc/arm-none-eabi/10.3.1/thumb/v7-m/nofp/libgcc.a(_arm_muldivdf3.o)
 .ARM.attributes
                0x0000000000000fde       0x1d /usr/lib/gcc/arm-none-eabi/10.3.1/thumb/v7-m/nofp/libgcc.a(_arm_cmpdf2.o)
 .ARM.attributes
                0x0000000000000ffb       0x1d /usr/lib/gcc/arm-none-eabi/10.3.1/thumb/v7-m/nofp/libgcc.a(_arm_unorddf2.o)
 .ARM.attributes
                0x0000000000001018       0x1d /usr/lib/gcc/arm-none-eabi/10.3.1/thumb/v7-m/nofp/libgcc.a(_arm_fixdfsi.o)
 .ARM.attributes
                0x0000000000001035       0x2d /usr/lib/gcc/arm-none-eabi/10.3.1/thumb/v7-m/nofp/crtend.o
 .ARM.attributes
                0x0000000000001062       0x1d /usr/lib/gcc/arm-none-eabi/10.3.1/thumb/v7-m/nofp/crtn.o
OUTPUT(build/FreeTOS_Test.elf elf32-littlearm)
LOAD linker stubs
LOAD /usr/lib/gcc/arm-none-eabi/10.3.1/../../../arm-none-eabi/lib/thumb/v7-m/nofp/libc.a
LOAD /usr/lib/gcc/arm-none-eabi/10.3.1/../../../arm-none-eabi/lib/thumb/v7-m/nofp/libm.a
LOAD /usr/lib/gcc/arm-none-eabi/10.3.1/thumb/v7-m/nofp/libgcc.a

.comment        0x0000000000000000       0x33
 .comment       0x0000000000000000       0x33 /usr/lib/gcc/arm-none-eabi/10.3.1/thumb/v7-m/nofp/crtbegin.o
                                         0x34 (size before relaxing)
 .comment       0x0000000000000033       0x34 build/main.o
 .comment       0x0000000000000033       0x34 build/freertos.o
 .comment       0x0000000000000033       0x34 build/stm32f1xx_it.o
 .comment       0x0000000000000033       0x34 build/stm32f1xx_hal_msp.o
 .comment       0x0000000000000033       0x34 build/stm32f1xx_hal_timebase_tim.o
 .comment       0x0000000000000033       0x34 build/stm32f1xx_hal.o
 .comment       0x0000000000000033       0x34 build/stm32f1xx_hal_rcc.o
 .comment       0x0000000000000033       0x34 build/stm32f1xx_hal_rcc_ex.o
 .comment       0x0000000000000033       0x34 build/stm32f1xx_hal_gpio.o
 .comment       0x0000000000000033       0x34 build/stm32f1xx_hal_cortex.o
 .comment       0x0000000000000033       0x34 build/stm32f1xx_hal_tim.o
 .comment       0x0000000000000033       0x34 build/stm32f1xx_hal_tim_ex.o
 .comment       0x0000000000000033       0x34 build/stm32f1xx_hal_uart.o
 .comment       0x0000000000000033       0x34 build/stm32f1xx_hal_pcd.o
 .comment       0x0000000000000033       0x34 build/stm32f1xx_hal_pcd_ex.o
 .comment       0x0000000000000033       0x34 build/stm32f1xx_ll_usb.o
 .comment       0x0000000000000033       0x34 build/system_stm32f1xx.o
 .comment       0x0000000000000033       0x34 build/list.o
 .comment       0x0000000000000033       0x34 build/tasks.o
 .comment       0x0000000000000033       0x34 build/cmsis_os.o
 .comment       0x0000000000000033       0x34 build/heap_4.o
 .comment       0x0000000000000033       0x34 build/port.o
 .comment       0x0000000000000033       0x34 build/usbd_core.o
 .comment       0x0000000000000033       0x34 build/usbd_ctlreq.o
 .comment       0x0000000000000033       0x34 build/usbd_ioreq.o
 .comment       0x0000000000000033       0x34 build/usbd_cdc.o
 .comment       0x0000000000000033       0x34 build/usbd_conf.o
 .comment       0x0000000000000033       0x34 build/usb_device.o
 .comment       0x0000000000000033       0x34 build/usbd_desc.o
 .comment       0x0000000000000033       0x34 build/usbd_cdc_if.o
 .comment       0x0000000000000033       0x34 /usr/lib/gcc/arm-none-eabi/10.3.1/../../../arm-none-eabi/lib/thumb/v7-m/nofp/libc_nano.a(lib_a-errno.o)
 .comment       0x0000000000000033       0x34 /usr/lib/gcc/arm-none-eabi/10.3.1/../../../arm-none-eabi/lib/thumb/v7-m/nofp/libc_nano.a(lib_a-impure.o)
 .comment       0x0000000000000033       0x34 /usr/lib/gcc/arm-none-eabi/10.3.1/../../../arm-none-eabi/lib/thumb/v7-m/nofp/libc_nano.a(lib_a-init.o)
 .comment       0x0000000000000033       0x34 /usr/lib/gcc/arm-none-eabi/10.3.1/../../../arm-none-eabi/lib/thumb/v7-m/nofp/libc_nano.a(lib_a-memset.o)
 .comment       0x0000000000000033       0x34 /usr/lib/gcc/arm-none-eabi/10.3.1/../../../arm-none-eabi/lib/thumb/v7-m/nofp/libc_nano.a(lib_a-nano-vfprintf_float.o)
 .comment       0x0000000000000033       0x34 /usr/lib/gcc/arm-none-eabi/10.3.1/../../../arm-none-eabi/lib/thumb/v7-m/nofp/libc_nano.a(lib_a-nano-vfprintf_i.o)
 .comment       0x0000000000000033       0x34 /usr/lib/gcc/arm-none-eabi/10.3.1/../../../arm-none-eabi/lib/thumb/v7-m/nofp/libc_nano.a(lib_a-printf.o)
 .comment       0x0000000000000033       0x34 /usr/lib/gcc/arm-none-eabi/10.3.1/../../../arm-none-eabi/lib/thumb/v7-m/nofp/libc_nano.a(lib_a-puts.o)
 .comment       0x0000000000000033       0x34 /usr/lib/gcc/arm-none-eabi/10.3.1/../../../arm-none-eabi/lib/thumb/v7-m/nofp/libc_nano.a(lib_a-strlen-stub.o)
 .comment       0x0000000000000033       0x34 /usr/lib/gcc/arm-none-eabi/10.3.1/../../../arm-none-eabi/lib/thumb/v7-m/nofp/libc_nano.a(lib_a-wbuf.o)
 .comment       0x0000000000000033       0x34 /usr/lib/gcc/arm-none-eabi/10.3.1/../../../arm-none-eabi/lib/thumb/v7-m/nofp/libc_nano.a(lib_a-wsetup.o)
 .comment       0x0000000000000033       0x34 /usr/lib/gcc/arm-none-eabi/10.3.1/../../../arm-none-eabi/lib/thumb/v7-m/nofp/libc_nano.a(lib_a-dtoa.o)
 .comment       0x0000000000000033       0x34 /usr/lib/gcc/arm-none-eabi/10.3.1/../../../arm-none-eabi/lib/thumb/v7-m/nofp/libc_nano.a(lib_a-fflush.o)
 .comment       0x0000000000000033       0x34 /usr/lib/gcc/arm-none-eabi/10.3.1/../../../arm-none-eabi/lib/thumb/v7-m/nofp/libc_nano.a(lib_a-findfp.o)
 .comment       0x0000000000000033       0x34 /usr/lib/gcc/arm-none-eabi/10.3.1/../../../arm-none-eabi/lib/thumb/v7-m/nofp/libc_nano.a(lib_a-fwalk.o)
 .comment       0x0000000000000033       0x34 /usr/lib/gcc/arm-none-eabi/10.3.1/../../../arm-none-eabi/lib/thumb/v7-m/nofp/libc_nano.a(lib_a-localeconv.o)
 .comment       0x0000000000000033       0x34 /usr/lib/gcc/arm-none-eabi/10.3.1/../../../arm-none-eabi/lib/thumb/v7-m/nofp/libc_nano.a(lib_a-makebuf.o)
 .comment       0x0000000000000033       0x34 /usr/lib/gcc/arm-none-eabi/10.3.1/../../../arm-none-eabi/lib/thumb/v7-m/nofp/libc_nano.a(lib_a-malloc.o)
 .comment       0x0000000000000033       0x34 /usr/lib/gcc/arm-none-eabi/10.3.1/../../../arm-none-eabi/lib/thumb/v7-m/nofp/libc_nano.a(lib_a-memchr-stub.o)
 .comment       0x0000000000000033       0x34 /usr/lib/gcc/arm-none-eabi/10.3.1/../../../arm-none-eabi/lib/thumb/v7-m/nofp/libc_nano.a(lib_a-mprec.o)
 .comment       0x0000000000000033       0x34 /usr/lib/gcc/arm-none-eabi/10.3.1/../../../arm-none-eabi/lib/thumb/v7-m/nofp/libc_nano.a(lib_a-nano-callocr.o)
 .comment       0x0000000000000033       0x34 /usr/lib/gcc/arm-none-eabi/10.3.1/../../../arm-none-eabi/lib/thumb/v7-m/nofp/libc_nano.a(lib_a-nano-freer.o)
 .comment       0x0000000000000033       0x34 /usr/lib/gcc/arm-none-eabi/10.3.1/../../../arm-none-eabi/lib/thumb/v7-m/nofp/libc_nano.a(lib_a-nano-mallocr.o)
 .comment       0x0000000000000033       0x34 /usr/lib/gcc/arm-none-eabi/10.3.1/../../../arm-none-eabi/lib/thumb/v7-m/nofp/libc_nano.a(lib_a-nano-vfprintf.o)
 .comment       0x0000000000000033       0x34 /usr/lib/gcc/arm-none-eabi/10.3.1/../../../arm-none-eabi/lib/thumb/v7-m/nofp/libc_nano.a(lib_a-sbrkr.o)
 .comment       0x0000000000000033       0x34 /usr/lib/gcc/arm-none-eabi/10.3.1/../../../arm-none-eabi/lib/thumb/v7-m/nofp/libc_nano.a(lib_a-stdio.o)
 .comment       0x0000000000000033       0x34 /usr/lib/gcc/arm-none-eabi/10.3.1/../../../arm-none-eabi/lib/thumb/v7-m/nofp/libc_nano.a(lib_a-writer.o)